Component: ARM Compiler 5.06 update 5 (build 528) Tool: armlink [4d35e2]

==============================================================================

Section Cross References

    main.o(i.CollectSensorData) refers to adc_reader.o(i.AdcScanChannel) for AdcScanChannel
    main.o(i.CollectSensorData) refers to adc_reader.o(i.AdcReadCh0) for AdcReadCh0
    main.o(i.CollectSensorData) refers to fdiv.o(.text) for __aeabi_fdiv
    main.o(i.CollectSensorData) refers to fadd.o(.text) for __aeabi_fsub
    main.o(i.CollectSensorData) refers to f2d.o(.text) for __aeabi_f2d
    main.o(i.CollectSensorData) refers to log10.o(i.log10) for log10
    main.o(i.CollectSensorData) refers to dadd.o(.text) for __aeabi_drsub
    main.o(i.CollectSensorData) refers to ddiv.o(.text) for __aeabi_ddiv
    main.o(i.CollectSensorData) refers to pow.o(i.pow) for pow
    main.o(i.CollectSensorData) refers to d2f.o(.text) for __aeabi_d2f
    main.o(i.CollectSensorData) refers to hal_temhum.o(i.call_sht11) for call_sht11
    main.o(i.CollectSensorData) refers to main.o(.data) for light
    main.o(i.Init) refers to board.o(i.BoardInitMcu) for BoardInitMcu
    main.o(i.Init) refers to board.o(i.BoardInitPeriph) for BoardInitPeriph
    main.o(i.Init) refers to iwdg.o(i.IWDG_Init) for IWDG_Init
    main.o(i.Init) refers to hal_oled.o(i.OLED_Init) for OLED_Init
    main.o(i.Init) refers to ns_radio.o(i.NS_RadioInit) for NS_RadioInit
    main.o(i.Init) refers to adc_reader.o(i.ADCS_Init) for ADCS_Init
    main.o(i.Init) refers to usart1-board.o(i.USART1_Init) for USART1_Init
    main.o(i.Init) refers to hal_temhum.o(i.SHTXX_Init) for SHTXX_Init
    main.o(i.Init) refers to ns_radio.o(i.ReadRadioRxBuffer) for ReadRadioRxBuffer
    main.o(i.Init) refers to tim-board.o(i.setTimer2Callback) for setTimer2Callback
    main.o(i.Init) refers to tim-board.o(i.Tim2McuInit) for Tim2McuInit
    main.o(i.Init) refers to tim-board.o(i.setTimer3Callback) for setTimer3Callback
    main.o(i.Init) refers to tim-board.o(i.Tim3McuInit) for Tim3McuInit
    main.o(i.Init) refers to main.o(.bss) for Ra_Rxbuf
    main.o(i.Init) refers to timer_handles.o(i.Time2Handler) for Time2Handler
    main.o(i.Init) refers to timer_handles.o(i.Time3Handler) for Time3Handler
    main.o(i.Key2Call) refers to main.o(.bss) for Ra_Txbuf
    main.o(i.Key2Call) refers to sx1276-board.o(.constdata) for Radio
    main.o(i.Key3Call) refers to main.o(.bss) for Ra_Txbuf
    main.o(i.Key3Call) refers to sx1276-board.o(.constdata) for Radio
    main.o(i.Key4Call) refers to main.o(.bss) for Ra_Txbuf
    main.o(i.Key4Call) refers to sx1276-board.o(.constdata) for Radio
    main.o(i.PackSensorData) refers to f2d.o(.text) for __aeabi_f2d
    main.o(i.PackSensorData) refers to printfa.o(i.__0sprintf) for __2sprintf
    main.o(i.PackSensorData) refers to strlen.o(.text) for strlen
    main.o(i.PackSensorData) refers to usart1-board.o(i.USART1_SendStr) for USART1_SendStr
    main.o(i.PackSensorData) refers to main.o(.data) for fan
    main.o(i.PackSensorData) refers to main.o(.bss) for Us1_Txbuf
    main.o(i.ShowSensorData) refers to hal_oled.o(i.OLED_ShowString) for OLED_ShowString
    main.o(i.ShowSensorData) refers to memseta.o(.text) for __aeabi_memclr4
    main.o(i.ShowSensorData) refers to f2d.o(.text) for __aeabi_f2d
    main.o(i.ShowSensorData) refers to printfa.o(i.__0sprintf) for __2sprintf
    main.o(i.ShowSensorData) refers to main.o(.bss) for oled_buf
    main.o(i.ShowSensorData) refers to main.o(.data) for temp
    main.o(i.main) refers to main.o(i.Init) for Init
    main.o(i.main) refers to main.o(i.oled1) for oled1
    main.o(i.main) refers to ns_radio.o(i.ReadRadioRxBuffer) for ReadRadioRxBuffer
    main.o(i.main) refers to iwdg.o(i.IWDG_Feed) for IWDG_Feed
    main.o(i.main) refers to main.o(.bss) for Ra_Rxbuf
    main.o(i.main) refers to main.o(.data) for fan
    main.o(i.oled1) refers to hal_oled.o(i.OLED_ShowString) for OLED_ShowString
    main.o(i.oled1) refers to main.o(i.ShowSensorData) for ShowSensorData
    main.o(i.uart1Call) refers to usart1-board.o(i.USART1_ReadRxBuffer) for USART1_ReadRxBuffer
    main.o(i.uart1Call) refers to main.o(.bss) for Us1_Rxbuf
    main.o(i.uart1Call) refers to sx1276-board.o(.constdata) for Radio
    main.o(i.xiafa) refers to cfrcmple.o(.text) for __aeabi_cfrcmple
    main.o(i.xiafa) refers to cfcmple.o(.text) for __aeabi_cfcmple
    main.o(i.xiafa) refers to stm32l1xx_hal.o(i.HAL_Delay) for HAL_Delay
    main.o(i.xiafa) refers to gpio.o(i.GpioWrite) for GpioWrite
    main.o(i.xiafa) refers to main.o(.data) for temp
    main.o(i.xiafa) refers to main.o(.bss) for Ra_Txbuf
    main.o(i.xiafa) refers to sx1276-board.o(.constdata) for Radio
    main.o(i.xiafa) refers to board.o(.bss) for Led1
    timer_handles.o(i.Time2Handler) refers to main.o(i.CollectSensorData) for CollectSensorData
    timer_handles.o(i.Time2Handler) refers to main.o(i.ShowSensorData) for ShowSensorData
    timer_handles.o(i.Time2Handler) refers to main.o(i.xiafa) for xiafa
[...]
    __aeabi_d2f                              0x08000761   Thumb Code    56  d2f.o(.text)
    __aeabi_cfcmpeq                          0x08000799   Thumb Code     0  cfcmple.o(.text)
    __aeabi_cfcmple                          0x08000799   Thumb Code    20  cfcmple.o(.text)
    __aeabi_cfrcmple                         0x080007ad   Thumb Code    20  cfrcmple.o(.text)
    __aeabi_uidiv                            0x080007c1   Thumb Code     0  uidiv.o(.text)
    __aeabi_uidivmod                         0x080007c1   Thumb Code    44  uidiv.o(.text)
    __aeabi_uldivmod                         0x080007ed   Thumb Code    98  uldiv.o(.text)
    __aeabi_llsl                             0x0800084f   Thumb Code    30  llshl.o(.text)
    _ll_shift_l                              0x0800084f   Thumb Code     0  llshl.o(.text)
    __aeabi_llsr                             0x0800086d   Thumb Code    32  llushr.o(.text)
    _ll_ushift_r                             0x0800086d   Thumb Code     0  llushr.o(.text)
    __aeabi_lasr                             0x0800088d   Thumb Code    36  llsshr.o(.text)
    _ll_sshift_r                             0x0800088d   Thumb Code     0  llsshr.o(.text)
    __I$use$fp                               0x080008b1   Thumb Code     0  iusefp.o(.text)
    _float_round                             0x080008b1   Thumb Code    18  fepilogue.o(.text)
    _float_epilogue                          0x080008c3   Thumb Code    92  fepilogue.o(.text)
    _double_round                            0x0800091f   Thumb Code    30  depilogue.o(.text)
    _double_epilogue                         0x0800093d   Thumb Code   156  depilogue.o(.text)
    __ARM_scalbn                             0x080009d9   Thumb Code    46  dscalb.o(.text)
    scalbn                                   0x080009d9   Thumb Code     0  dscalb.o(.text)
    _drnd                                    0x08000a09   Thumb Code   132  drnd.o(.text)
    __aeabi_d2ulz                            0x08000a91   Thumb Code    48  dfixul.o(.text)
    __scatterload                            0x08000ac1   Thumb Code    28  init.o(.text)
    __scatterload_rt2                        0x08000ac1   Thumb Code     0  init.o(.text)
    _dsqrt                                   0x08000ae5   Thumb Code   162  dsqrt.o(.text)
    ADCS_Init                                0x08000b89   Thumb Code    20  adc_reader.o(i.ADCS_Init)
    ADC_ConversionStop_Disable               0x08000ba5   Thumb Code    82  stm32l1xx_hal_adc.o(i.ADC_ConversionStop_Disable)
    ADC_Enable                               0x08000bf9   Thumb Code   126  stm32l1xx_hal_adc.o(i.ADC_Enable)
    AdcDeInit                                0x08000c81   Thumb Code     8  adc.o(i.AdcDeInit)
    AdcInit                                  0x08000c8d   Thumb Code    32  adc.o(i.AdcInit)
    AdcMcuConfig                             0x08000cb1   Thumb Code    48  adc-board.o(i.AdcMcuConfig)
    AdcMcuInit                               0x08000ce5   Thumb Code    70  adc-board.o(i.AdcMcuInit)
    AdcMcuReadChannel                        0x08000d39   Thumb Code   260  adc-board.o(i.AdcMcuReadChannel)
    AdcReadCh0                               0x08000e49   Thumb Code     6  adc_reader.o(i.AdcReadCh0)
    AdcReadChannel                           0x08000e55   Thumb Code    28  adc.o(i.AdcReadChannel)
    AdcScanChannel                           0x08000e75   Thumb Code   112  adc_reader.o(i.AdcScanChannel)
    BlockLowPowerDuringTask                  0x08000f05   Thumb Code    18  rtc-board.o(i.BlockLowPowerDuringTask)
    BoardDeInitMcu                           0x08000f1d   Thumb Code    96  board.o(i.BoardDeInitMcu)
    BoardDisableIrq                          0x08000f85   Thumb Code    14  board.o(i.BoardDisableIrq)
    BoardEnableIrq                           0x08000f99   Thumb Code    20  board.o(i.BoardEnableIrq)
    BoardInitMcu                             0x08000fb1   Thumb Code    78  board.o(i.BoardInitMcu)
    BoardInitPeriph                          0x08001009   Thumb Code   178  board.o(i.BoardInitPeriph)
    BusFault_Handler                         0x08001145   Thumb Code     4  sysirqhandlers.o(i.BusFault_Handler)
    CollectSensorData                        0x08001185   Thumb Code   106  main.o(i.CollectSensorData)
    DebugMon_Handler                         0x08001215   Thumb Code     2  sysirqhandlers.o(i.DebugMon_Handler)
    DelayMicroSeconds                        0x08001217   Thumb Code    20  hal_temhum.o(i.DelayMicroSeconds)
    DelayMs                                  0x0800122b   Thumb Code    12  delay.o(i.DelayMs)
    EXTI0_IRQHandler                         0x08001237   Thumb Code    14  gpio-board.o(i.EXTI0_IRQHandler)
    EXTI15_10_IRQHandler                     0x08001245   Thumb Code    56  gpio-board.o(i.EXTI15_10_IRQHandler)
    EXTI1_IRQHandler                         0x0800127d   Thumb Code    14  gpio-board.o(i.EXTI1_IRQHandler)
    EXTI2_IRQHandler                         0x0800128b   Thumb Code    14  gpio-board.o(i.EXTI2_IRQHandler)
    EXTI3_IRQHandler                         0x08001299   Thumb Code    14  gpio-board.o(i.EXTI3_IRQHandler)
    EXTI4_IRQHandler                         0x080012a7   Thumb Code    14  gpio-board.o(i.EXTI4_IRQHandler)
    EXTI9_5_IRQHandler                       0x080012b5   Thumb Code    42  gpio-board.o(i.EXTI9_5_IRQHandler)
    GetBoardPowerSource                      0x080012df   Thumb Code     4  board.o(i.GetBoardPowerSource)
    GpioInit                                 0x0800131d   Thumb Code    36  gpio.o(i.GpioInit)
    GpioMcuInit                              0x08001341   Thumb Code   336  gpio-board.o(i.GpioMcuInit)
    GpioMcuSetInterrupt                      0x080014a9   Thumb Code   310  gpio-board.o(i.GpioMcuSetInterrupt)
    GpioMcuWrite                             0x080015f1   Thumb Code    38  gpio-board.o(i.GpioMcuWrite)
    GpioSetInterrupt                         0x08001617   Thumb Code    28  gpio.o(i.GpioSetInterrupt)
    GpioWrite                                0x08001633   Thumb Code    16  gpio.o(i.GpioWrite)
    HAL_ADC_ConfigChannel                    0x08001645   Thumb Code   460  stm32l1xx_hal_adc.o(i.HAL_ADC_ConfigChannel)
    HAL_ADC_DeInit                           0x0800181d   Thumb Code   284  stm32l1xx_hal_adc.o(i.HAL_ADC_DeInit)
    HAL_ADC_GetValue                         0x08001949   Thumb Code     8  stm32l1xx_hal_adc.o(i.HAL_ADC_GetValue)
    HAL_ADC_Init                             0x08001951   Thumb Code   440  stm32l1xx_hal_adc.o(i.HAL_ADC_Init)
    HAL_ADC_MspDeInit                        0x08001b1d   Thumb Code     2  stm32l1xx_hal_adc.o(i.HAL_ADC_MspDeInit)
    HAL_ADC_MspInit                          0x08001b1f   Thumb Code     2  stm32l1xx_hal_adc.o(i.HAL_ADC_MspInit)
    HAL_ADC_PollForConversion                0x08001b21   Thumb Code   190  stm32l1xx_hal_adc.o(i.HAL_ADC_PollForConversion)
    HAL_ADC_Start                            0x08001bdf   Thumb Code   140  stm32l1xx_hal_adc.o(i.HAL_ADC_Start)
    HAL_DBGMCU_EnableDBGSleepMode            0x08001c6d   Thumb Code    14  stm32l1xx_hal.o(i.HAL_DBGMCU_EnableDBGSleepMode)
    HAL_DBGMCU_EnableDBGStandbyMode          0x08001c81   Thumb Code    14  stm32l1xx_hal.o(i.HAL_DBGMCU_EnableDBGStandbyMode)
    HAL_DBGMCU_EnableDBGStopMode             0x08001c95   Thumb Code    14  stm32l1xx_hal.o(i.HAL_DBGMCU_EnableDBGStopMode)
    HAL_Delay                                0x08001ca9   Thumb Code    26  stm32l1xx_hal.o(i.HAL_Delay)
    HAL_GPIO_EXTI_Callback                   0x08001cc5   Thumb Code    40  gpio-board.o(i.HAL_GPIO_EXTI_Callback)
    HAL_GPIO_EXTI_IRQHandler                 0x08001cf1   Thumb Code    24  stm32l1xx_hal_gpio.o(i.HAL_GPIO_EXTI_IRQHandler)
    HAL_GPIO_Init                            0x08001d0d   Thumb Code   430  stm32l1xx_hal_gpio.o(i.HAL_GPIO_Init)
    HAL_GPIO_ReadPin                         0x08001edd   Thumb Code    16  stm32l1xx_hal_gpio.o(i.HAL_GPIO_ReadPin)
    HAL_GPIO_WritePin                        0x08001eed   Thumb Code    12  stm32l1xx_hal_gpio.o(i.HAL_GPIO_WritePin)
    HAL_GetTick                              0x08001ef9   Thumb Code     6  stm32l1xx_hal.o(i.HAL_GetTick)
    HAL_IWDG_Init                            0x08001f05   Thumb Code    80  stm32l1xx_hal_iwdg.o(i.HAL_IWDG_Init)
    HAL_IWDG_Refresh                         0x08001f55   Thumb Code    14  stm32l1xx_hal_iwdg.o(i.HAL_IWDG_Refresh)
    HAL_IncTick                              0x08001f65   Thumb Code    12  stm32l1xx_hal.o(i.HAL_IncTick)
    HAL_Init                                 0x08001f75   Thumb Code    22  stm32l1xx_hal.o(i.HAL_Init)
    HAL_InitTick                             0x08001f8d   Thumb Code    36  stm32l1xx_hal.o(i.HAL_InitTick)
    HAL_MspInit                              0x08001fb5   Thumb Code     2  stm32l1xx_hal.o(i.HAL_MspInit)
    HAL_NVIC_EnableIRQ                       0x08001fb7   Thumb Code    26  stm32l1xx_hal_cortex.o(i.HAL_NVIC_EnableIRQ)
    HAL_NVIC_SetPriority                     0x08001fd1   Thumb Code   124  stm32l1xx_hal_cortex.o(i.HAL_NVIC_SetPriority)
    HAL_NVIC_SetPriorityGrouping             0x0800204d   Thumb Code    32  stm32l1xx_hal_cortex.o(i.HAL_NVIC_SetPriorityGrouping)
    HAL_PWREx_EnableFastWakeUp               0x08002075   Thumb Code    20  stm32l1xx_hal_pwr_ex.o(i.HAL_PWREx_EnableFastWakeUp)
    HAL_PWREx_EnableUltraLowPower            0x0800208d   Thumb Code    20  stm32l1xx_hal_pwr_ex.o(i.HAL_PWREx_EnableUltraLowPower)
    HAL_PWREx_GetVoltageRange                0x080020a5   Thumb Code    10  stm32l1xx_hal_pwr_ex.o(i.HAL_PWREx_GetVoltageRange)
    HAL_PWR_DisablePVD                       0x080020b5   Thumb Code    20  stm32l1xx_hal_pwr.o(i.HAL_PWR_DisablePVD)
    HAL_PWR_EnterSTOPMode                    0x080020cd   Thumb Code    54  stm32l1xx_hal_pwr.o(i.HAL_PWR_EnterSTOPMode)
    HAL_RCCEx_PeriphCLKConfig                0x0800210d   Thumb Code   454  stm32l1xx_hal_rcc_ex.o(i.HAL_RCCEx_PeriphCLKConfig)
    HAL_RCC_ClockConfig                      0x080022e1   Thumb Code   728  stm32l1xx_hal_rcc.o(i.HAL_RCC_ClockConfig)
    HAL_RCC_GetHCLKFreq                      0x080025c9   Thumb Code     6  stm32l1xx_hal_rcc.o(i.HAL_RCC_GetHCLKFreq)
    HAL_RCC_GetPCLK1Freq                     0x080025d5   Thumb Code    36  stm32l1xx_hal_rcc.o(i.HAL_RCC_GetPCLK1Freq)
    HAL_RCC_GetPCLK2Freq                     0x08002601   Thumb Code    36  stm32l1xx_hal_rcc.o(i.HAL_RCC_GetPCLK2Freq)
    HAL_RCC_GetSysClockFreq                  0x0800262d   Thumb Code   164  stm32l1xx_hal_rcc.o(i.HAL_RCC_GetSysClockFreq)
    HAL_RCC_OscConfig                        0x080026e1   Thumb Code  2484  stm32l1xx_hal_rcc.o(i.HAL_RCC_OscConfig)
    HAL_RTCEx_AlarmBEventCallback            0x0800309d   Thumb Code     2  stm32l1xx_hal_rtc_ex.o(i.HAL_RTCEx_AlarmBEventCallback)
    HAL_RTCEx_DeactivateWakeUpTimer          0x0800309f   Thumb Code   152  stm32l1xx_hal_rtc_ex.o(i.HAL_RTCEx_DeactivateWakeUpTimer)
    HAL_RTC_AlarmAEventCallback              0x08003137   Thumb Code     2  stm32l1xx_hal_rtc.o(i.HAL_RTC_AlarmAEventCallback)
    HAL_RTC_AlarmIRQHandler                  0x08003139   Thumb Code   102  stm32l1xx_hal_rtc.o(i.HAL_RTC_AlarmIRQHandler)
    HAL_RTC_DeactivateAlarm                  0x080031a5   Thumb Code   244  stm32l1xx_hal_rtc.o(i.HAL_RTC_DeactivateAlarm)
    HAL_RTC_GetAlarm                         0x08003299   Thumb Code   130  stm32l1xx_hal_rtc_ex.o(i.HAL_RTC_GetAlarm)
    HAL_RTC_GetDate                          0x0800331d   Thumb Code    72  stm32l1xx_hal_rtc.o(i.HAL_RTC_GetDate)
    HAL_RTC_GetTime                          0x08003369   Thumb Code    80  stm32l1xx_hal_rtc_ex.o(i.HAL_RTC_GetTime)
    HAL_RTC_Init                             0x080033bd   Thumb Code   176  stm32l1xx_hal_rtc.o(i.HAL_RTC_Init)
    HAL_RTC_MspInit                          0x08003471   Thumb Code     2  stm32l1xx_hal_rtc.o(i.HAL_RTC_MspInit)
    HAL_RTC_SetAlarm_IT                      0x08003475   Thumb Code   522  stm32l1xx_hal_rtc_ex.o(i.HAL_RTC_SetAlarm_IT)
    HAL_RTC_SetDate                          0x08003685   Thumb Code   260  stm32l1xx_hal_rtc.o(i.HAL_RTC_SetDate)
    HAL_RTC_SetTime                          0x0800378d   Thumb Code   294  stm32l1xx_hal_rtc.o(i.HAL_RTC_SetTime)
    HAL_RTC_WaitForSynchro                   0x080038b9   Thumb Code    58  stm32l1xx_hal_rtc_ex.o(i.HAL_RTC_WaitForSynchro)
    HAL_SPI_DeInit                           0x080038f3   Thumb Code    48  stm32l1xx_hal_spi.o(i.HAL_SPI_DeInit)
    HAL_SPI_Init                             0x08003923   Thumb Code   124  stm32l1xx_hal_spi_ex.o(i.HAL_SPI_Init)
    HAL_SPI_MspDeInit                        0x0800399f   Thumb Code     2  stm32l1xx_hal_spi.o(i.HAL_SPI_MspDeInit)
    HAL_SPI_MspInit                          0x080039a1   Thumb Code     2  stm32l1xx_hal_spi.o(i.HAL_SPI_MspInit)
    HAL_SYSTICK_CLKSourceConfig              0x080039a3   Thumb Code    40  stm32l1xx_hal_cortex.o(i.HAL_SYSTICK_CLKSourceConfig)
    HAL_SYSTICK_Callback                     0x080039cb   Thumb Code     2  stm32l1xx_hal_cortex.o(i.HAL_SYSTICK_Callback)
    HAL_SYSTICK_Config                       0x080039cd   Thumb Code    52  stm32l1xx_hal_cortex.o(i.HAL_SYSTICK_Config)
    HAL_SYSTICK_IRQHandler                   0x08003a01   Thumb Code     8  stm32l1xx_hal_cortex.o(i.HAL_SYSTICK_IRQHandler)
    HAL_TIM_Base_Init                        0x08003a09   Thumb Code    52  stm32l1xx_hal_tim.o(i.HAL_TIM_Base_Init)
    HAL_TIM_Base_MspInit                     0x08003a3d   Thumb Code   166  tim-board.o(i.HAL_TIM_Base_MspInit)
    HAL_TIM_Base_Start_IT                    0x08003af1   Thumb Code    30  stm32l1xx_hal_tim.o(i.HAL_TIM_Base_Start_IT)
    HAL_TIM_IC_CaptureCallback               0x08003b0f   Thumb Code     2  stm32l1xx_hal_tim.o(i.HAL_TIM_IC_CaptureCallback)
    HAL_TIM_IRQHandler                       0x08003b11   Thumb Code   338  stm32l1xx_hal_tim.o(i.HAL_TIM_IRQHandler)
    HAL_TIM_OC_DelayElapsedCallback          0x08003c63   Thumb Code     2  stm32l1xx_hal_tim.o(i.HAL_TIM_OC_DelayElapsedCallback)
    HAL_TIM_PWM_PulseFinishedCallback        0x08003c65   Thumb Code     2  stm32l1xx_hal_tim.o(i.HAL_TIM_PWM_PulseFinishedCallback)
    HAL_TIM_PeriodElapsedCallback            0x08003c69   Thumb Code    70  tim-board.o(i.HAL_TIM_PeriodElapsedCallback)
    HAL_TIM_TriggerCallback                  0x08003cc5   Thumb Code     2  stm32l1xx_hal_tim.o(i.HAL_TIM_TriggerCallback)
    HAL_UART_Init                            0x08003cc7   Thumb Code   110  stm32l1xx_hal_uart.o(i.HAL_UART_Init)
    HAL_UART_MspInit                         0x08003d35   Thumb Code     2  stm32l1xx_hal_uart.o(i.HAL_UART_MspInit)
    HAL_UART_Receive_IT                      0x08003d37   Thumb Code   134  stm32l1xx_hal_uart.o(i.HAL_UART_Receive_IT)
    I2c_Init                                 0x08003dbd   Thumb Code    78  hal_temhum.o(i.I2c_Init)
    I2c_ReadByte                             0x08003e15   Thumb Code   190  hal_temhum.o(i.I2c_ReadByte)
    I2c_SclInOutInit                         0x08003ed9   Thumb Code    52  hal_temhum.o(i.I2c_SclInOutInit)
    I2c_StartCondition                       0x08003f11   Thumb Code    68  hal_temhum.o(i.I2c_StartCondition)
    I2c_StopCondition                        0x08003f59   Thumb Code    68  hal_temhum.o(i.I2c_StopCondition)
    I2c_WriteByte                            0x08003fe1   Thumb Code   152  hal_temhum.o(i.I2c_WriteByte)
    I2c_sdaInOutInit                         0x0800407d   Thumb Code    52  hal_temhum.o(i.I2c_sdaInOutInit)
    IWDG_Feed                                0x080040b5   Thumb Code    10  iwdg.o(i.IWDG_Feed)
    IWDG_Init                                0x080040c5   Thumb Code    24  iwdg.o(i.IWDG_Init)
    Init                                     0x080040e5   Thumb Code    88  main.o(i.Init)
    Key2Call                                 0x0800414d   Thumb Code    30  main.o(i.Key2Call)
    Key3Call                                 0x08004175   Thumb Code    32  main.o(i.Key3Call)
    Key4Call                                 0x0800419d   Thumb Code    30  main.o(i.Key4Call)
    MemManage_Handler                        0x080041c5   Thumb Code     4  sysirqhandlers.o(i.MemManage_Handler)
    NMI_Handler                              0x080041c9   Thumb Code     2  sysirqhandlers.o(i.NMI_Handler)
    NS_RadioEventsInit                       0x080041cd   Thumb Code    34  ns_radio.o(i.NS_RadioEventsInit)
    NS_RadioInit                             0x0800420d   Thumb Code    38  ns_radio.o(i.NS_RadioInit)
    NS_RadioSetTxRxConfig                    0x08004239   Thumb Code   106  ns_radio.o(i.NS_RadioSetTxRxConfig)
    OLED_Clear                               0x080042e1   Thumb Code    64  hal_oled.o(i.OLED_Clear)
    OLED_Init                                0x08004321   Thumb Code    10  hal_oled.o(i.OLED_Init)
    OLED_Init_Set_Inverse                    0x0800432d   Thumb Code   322  hal_oled.o(i.OLED_Init_Set_Inverse)
    OLED_Set_Pos                             0x08004481   Thumb Code    46  hal_oled.o(i.OLED_Set_Pos)
    OLED_ShowChar                            0x080044b1   Thumb Code   106  hal_oled.o(i.OLED_ShowChar)
    OLED_ShowString                          0x08004521   Thumb Code    54  hal_oled.o(i.OLED_ShowString)
    OLED_WR_Byte                             0x08004559   Thumb Code   108  hal_oled.o(i.OLED_WR_Byte)
    OnRxDone                                 0x080045e1   Thumb Code    56  ns_radio.o(i.OnRxDone)
    OnRxError                                0x0800462d   Thumb Code    20  ns_radio.o(i.OnRxError)
    OnRxTimeout                              0x08004645   Thumb Code    20  ns_radio.o(i.OnRxTimeout)
    OnTxDone                                 0x0800465d   Thumb Code    20  ns_radio.o(i.OnTxDone)
    OnTxTimeout                              0x08004675   Thumb Code    20  ns_radio.o(i.OnTxTimeout)
    PackSensorData                           0x080046b5   Thumb Code   102  main.o(i.PackSensorData)
    RTC_Alarm_IRQHandler                     0x080047e9   Thumb Code    38  rtc-board.o(i.RTC_Alarm_IRQHandler)
    RTC_Bcd2ToByte                           0x08004815   Thumb Code    22  stm32l1xx_hal_rtc.o(i.RTC_Bcd2ToByte)
    RTC_ByteToBcd2                           0x0800482b   Thumb Code    26  stm32l1xx_hal_rtc.o(i.RTC_ByteToBcd2)
    RTC_EnterInitMode                        0x08004845   Thumb Code    62  stm32l1xx_hal_rtc.o(i.RTC_EnterInitMode)
    ReadRadioRxBuffer                        0x08004885   Thumb Code    36  ns_radio.o(i.ReadRadioRxBuffer)
    RtcEnterLowPowerStopMode                 0x08004d71   Thumb Code    54  rtc-board.o(i.RtcEnterLowPowerStopMode)
    RtcGetAdjustedTimeoutValue               0x08004db5   Thumb Code    62  rtc-board.o(i.RtcGetAdjustedTimeoutValue)
    RtcGetElapsedAlarmTime                   0x08004e45   Thumb Code    38  rtc-board.o(i.RtcGetElapsedAlarmTime)
    RtcInit                                  0x08004e71   Thumb Code   158  rtc-board.o(i.RtcInit)
    RtcRecoverMcuStatus                      0x08004f21   Thumb Code    60  rtc-board.o(i.RtcRecoverMcuStatus)
    RtcSetTimeout                            0x08004f69   Thumb Code    12  rtc-board.o(i.RtcSetTimeout)
    SHT1X_Init                               0x080050c5   Thumb Code    24  hal_temhum.o(i.SHT1X_Init)
    SHT3X_GetTempAndHumi                     0x08005193   Thumb Code    68  hal_temhum.o(i.SHT3X_GetTempAndHumi)
    SHT3X_GetTempAndHumiClkStretch           0x080051d7   Thumb Code   140  hal_temhum.o(i.SHT3X_GetTempAndHumiClkStretch)
    SHT3X_GetTempAndHumiPolling              0x08005263   Thumb Code   176  hal_temhum.o(i.SHT3X_GetTempAndHumiPolling)
    SHT3X_HardReset                          0x08005315   Thumb Code    18  hal_temhum.o(i.SHT3X_HardReset)
    SHT3X_Init                               0x0800532d   Thumb Code    40  hal_temhum.o(i.SHT3X_Init)
    SHT3X_SetI2cAdr                          0x080053ad   Thumb Code     6  hal_temhum.o(i.SHT3X_SetI2cAdr)
    SHT3X_SoftReset                          0x080053b9   Thumb Code    36  hal_temhum.o(i.SHT3X_SoftReset)
    SHT3x_ReadSerialNumber                   0x08005439   Thumb Code    82  hal_temhum.o(i.SHT3x_ReadSerialNumber)
    SHTXX_Init                               0x0800548d   Thumb Code    24  hal_temhum.o(i.SHTXX_Init)
    SX1276AntSwDeInit                        0x080054a9   Thumb Code     2  sx1276-board.o(i.SX1276AntSwDeInit)
    SX1276AntSwInit                          0x080054ab   Thumb Code     2  sx1276-board.o(i.SX1276AntSwInit)
    SX1276CheckRfFrequency                   0x080054ad   Thumb Code     6  sx1276-board.o(i.SX1276CheckRfFrequency)
    SX1276GetPaSelect                        0x080054b5   Thumb Code    16  sx1276-board.o(i.SX1276GetPaSelect)
    SX1276GetStatus                          0x080054c9   Thumb Code     8  sx1276.o(i.SX1276GetStatus)
    SX1276GetTimeOnAir                       0x080054d5   Thumb Code   628  sx1276.o(i.SX1276GetTimeOnAir)
    SX1276Init                               0x08005771   Thumb Code   114  sx1276.o(i.SX1276Init)
    SX1276IoDeInit                           0x08005805   Thumb Code    64  sx1276-board.o(i.SX1276IoDeInit)
    SX1276IoInit                             0x08005849   Thumb Code    66  sx1276-board.o(i.SX1276IoInit)
    SX1276IoIrqInit                          0x08005891   Thumb Code    32  sx1276-board.o(i.SX1276IoIrqInit)
    SX1276IsChannelFree                      0x080058b5   Thumb Code    62  sx1276.o(i.SX1276IsChannelFree)
    SX1276OnDio0Irq                          0x080058f5   Thumb Code   874  sx1276.o(i.SX1276OnDio0Irq)
    SX1276OnDio1Irq                          0x08005c7d   Thumb Code   406  sx1276.o(i.SX1276OnDio1Irq)
    SX1276OnTimeoutIrq                       0x08005e25   Thumb Code   252  sx1276.o(i.SX1276OnTimeoutIrq)
    SX1276Random                             0x08005f31   Thumb Code    64  sx1276.o(i.SX1276Random)
    SX1276Read                               0x08005f71   Thumb Code    20  sx1276.o(i.SX1276Read)
    SX1276ReadBuffer                         0x08005f85   Thumb Code    66  sx1276.o(i.SX1276ReadBuffer)
    SX1276ReadFifo                           0x08005fcd   Thumb Code    18  sx1276.o(i.SX1276ReadFifo)
    SX1276ReadRssi                           0x08005fe1   Thumb Code    74  sx1276.o(i.SX1276ReadRssi)
    SX1276Reset                              0x08006035   Thumb Code    60  sx1276.o(i.SX1276Reset)
    SX1276Send                               0x08006071   Thumb Code   300  sx1276.o(i.SX1276Send)
    SX1276SetAntSw                           0x080061a5   Thumb Code    32  sx1276-board.o(i.SX1276SetAntSw)
    SX1276SetAntSwLowPower                   0x080061c5   Thumb Code    28  sx1276-board.o(i.SX1276SetAntSwLowPower)
    SX1276SetChannel                         0x080061e5   Thumb Code    68  sx1276.o(i.SX1276SetChannel)
    SX1276SetMaxPayloadLength                0x08006231   Thumb Code    52  sx1276.o(i.SX1276SetMaxPayloadLength)
    SX1276SetModem                           0x08006269   Thumb Code   154  sx1276.o(i.SX1276SetModem)
    SX1276SetOpMode                          0x08006309   Thumb Code    50  sx1276.o(i.SX1276SetOpMode)
    SX1276SetPublicNetwork                   0x0800633d   Thumb Code    40  sx1276.o(i.SX1276SetPublicNetwork)
    SX1276SetRfTxPower                       0x08006369   Thumb Code   188  sx1276-board.o(i.SX1276SetRfTxPower)
    SX1276SetRx                              0x08006429   Thumb Code   746  sx1276.o(i.SX1276SetRx)
    SX1276SetRxConfig                        0x0800673d   Thumb Code   784  sx1276.o(i.SX1276SetRxConfig)
    SX1276SetSleep                           0x08006a65   Thumb Code    30  sx1276.o(i.SX1276SetSleep)
    SX1276SetStby                            0x08006a91   Thumb Code    30  sx1276.o(i.SX1276SetStby)
    SX1276SetTx                              0x08006abd   Thumb Code   182  sx1276.o(i.SX1276SetTx)
    SX1276SetTxConfig                        0x08006b7d   Thumb Code   608  sx1276.o(i.SX1276SetTxConfig)
    SX1276SetTxContinuousWave                0x08006de9   Thumb Code   148  sx1276.o(i.SX1276SetTxContinuousWave)
    SX1276StartCad                           0x08006e89   Thumb Code    66  sx1276.o(i.SX1276StartCad)
    SX1276Write                              0x08006ed1   Thumb Code    16  sx1276.o(i.SX1276Write)
    SX1276WriteBuffer                        0x08006ee1   Thumb Code    64  sx1276.o(i.SX1276WriteBuffer)
    SX1276WriteFifo                          0x08006f25   Thumb Code    18  sx1276.o(i.SX1276WriteFifo)
    Serial_DataInOutInit                     0x08006f39   Thumb Code    52  hal_temhum.o(i.Serial_DataInOutInit)
    Serial_Init                              0x08006f91   Thumb Code    78  hal_temhum.o(i.Serial_Init)
    ShowSensorData                           0x08006fe9   Thumb Code   154  main.o(i.ShowSensorData)
    SpiDeInit                                0x080070b1   Thumb Code   102  spi-board.o(i.SpiDeInit)
    SpiFormat                                0x08007117   Thumb Code    52  spi-board.o(i.SpiFormat)
    SpiFrequency                             0x0800714d   Thumb Code    74  spi-board.o(i.SpiFrequency)
    SpiInOut                                 0x0800719d   Thumb Code    80  spi-board.o(i.SpiInOut)
    SpiInit                                  0x080071ed   Thumb Code   434  spi-board.o(i.SpiInit)
    SysTick_Handler                          0x080073b1   Thumb Code    12  board.o(i.SysTick_Handler)
    SystemInit                               0x0800757d   Thumb Code    82  system_stm32l1xx.o(i.SystemInit)
    TIM2_IRQHandler                          0x080075e1   Thumb Code    10  tim-board.o(i.TIM2_IRQHandler)
    TIM3_IRQHandler                          0x080075f1   Thumb Code    10  tim-board.o(i.TIM3_IRQHandler)
    TIM4_IRQHandler                          0x08007601   Thumb Code    10  tim-board.o(i.TIM4_IRQHandler)
    Tim2McuInit                              0x08007681   Thumb Code    72  tim-board.o(i.Tim2McuInit)
    Tim3McuInit                              0x08007701   Thumb Code    72  tim-board.o(i.Tim3McuInit)
    Time2Handler                             0x08007785   Thumb Code    20  timer_handles.o(i.Time2Handler)
    Time3Handler                             0x08007799   Thumb Code     8  timer_handles.o(i.Time3Handler)
    TimerGetValue                            0x080077c1   Thumb Code     8  timer.o(i.TimerGetValue)
    TimerInit                                0x080077c9   Thumb Code    14  timer.o(i.TimerInit)
    TimerIrqHandler                          0x08007871   Thumb Code   136  timer.o(i.TimerIrqHandler)
    TimerLowPowerHandler                     0x080078fd   Thumb Code    58  timer.o(i.TimerLowPowerHandler)
    TimerSetValue                            0x08007961   Thumb Code    18  timer.o(i.TimerSetValue)
    TimerStart                               0x08007975   Thumb Code   132  timer.o(i.TimerStart)
    TimerStop                                0x080079fd   Thumb Code   230  timer.o(i.TimerStop)
    USART1_GetFlagStatus                     0x08007e41   Thumb Code    20  usart1-board.o(i.USART1_GetFlagStatus)
    USART1_IRQHandler                        0x08007e59   Thumb Code    66  usart1-board.o(i.USART1_IRQHandler)
    USART1_Init                              0x08007ead   Thumb Code    54  usart1-board.o(i.USART1_Init)
    USART1_ReadRxBuffer                      0x08007ef1   Thumb Code    34  usart1-board.o(i.USART1_ReadRxBuffer)
    USART1_ReceiveClr                        0x08007f1d   Thumb Code    22  usart1-board.o(i.USART1_ReceiveClr)
    USART1_ReceiveData                       0x08007f41   Thumb Code    10  usart1-board.o(i.USART1_ReceiveData)
    USART1_SendData                          0x08007f51   Thumb Code    10  usart1-board.o(i.USART1_SendData)
    USART1_SendStr                           0x08007f61   Thumb Code    52  usart1-board.o(i.USART1_SendStr)
    UartConfig                               0x08007f95   Thumb Code    52  uart.o(i.UartConfig)
    UartInit                                 0x08007fc9   Thumb Code    40  uart.o(i.UartInit)
    UartMcuConfig                            0x08007ff1   Thumb Code   868  uart-board.o(i.UartMcuConfig)
    UartMcuInit                              0x08008379   Thumb Code   336  uart-board.o(i.UartMcuInit)
    UsageFault_Handler                       0x080084cd   Thumb Code     4  sysirqhandlers.o(i.UsageFault_Handler)
    __0printf                                0x080084d1   Thumb Code    22  printfa.o(i.__0printf)
    __1printf                                0x080084d1   Thumb Code     0  printfa.o(i.__0printf)
    __2printf                                0x080084d1   Thumb Code     0  printfa.o(i.__0printf)
    __c89printf                              0x080084d1   Thumb Code     0  printfa.o(i.__0printf)
    printf                                   0x080084d1   Thumb Code     0  printfa.o(i.__0printf)
    __0sprintf                               0x080084f1   Thumb Code    34  printfa.o(i.__0sprintf)
    __1sprintf                               0x080084f1   Thumb Code     0  printfa.o(i.__0sprintf)
    __2sprintf                               0x080084f1   Thumb Code     0  printfa.o(i.__0sprintf)
    __c89sprintf                             0x080084f1   Thumb Code     0  printfa.o(i.__0sprintf)
    sprintf                                  0x080084f1   Thumb Code     0  printfa.o(i.__0sprintf)
    __ARM_fpclassify                         0x08008519   Thumb Code    40  fpclassify.o(i.__ARM_fpclassify)
    __kernel_poly                            0x08008541   Thumb Code   170  poly.o(i.__kernel_poly)
    __mathlib_dbl_divzero                    0x080085ed   Thumb Code    12  dunder.o(i.__mathlib_dbl_divzero)
    __mathlib_dbl_infnan                     0x080085fd   Thumb Code     6  dunder.o(i.__mathlib_dbl_infnan)
    __mathlib_dbl_infnan2                    0x08008603   Thumb Code     4  dunder.o(i.__mathlib_dbl_infnan2)
    __mathlib_dbl_invalid                    0x08008607   Thumb Code    12  dunder.o(i.__mathlib_dbl_invalid)
    __mathlib_dbl_overflow                   0x08008613   Thumb Code    14  dunder.o(i.__mathlib_dbl_overflow)
    __mathlib_dbl_underflow                  0x08008621   Thumb Code    10  dunder.o(i.__mathlib_dbl_underflow)
    __scatterload_copy                       0x08008631   Thumb Code    14  handlers.o(i.__scatterload_copy)
    __scatterload_null                       0x0800863f   Thumb Code     2  handlers.o(i.__scatterload_null)
    __scatterload_zeroinit                   0x08008641   Thumb Code    14  handlers.o(i.__scatterload_zeroinit)
    __set_errno                              0x08008651   Thumb Code     6  errno.o(i.__set_errno)
    calc_sth11                               0x08008f19   Thumb Code   206  hal_temhum.o(i.calc_sth11)
    call_sht11                               0x08009021   Thumb Code    66  hal_temhum.o(i.call_sht11)
    call_sht1x                               0x08009069   Thumb Code    86  hal_temhum.o(i.call_sht1x)
    ceil                                     0x080090c1   Thumb Code   204  ceil.o(i.ceil)
    floor                                    0x0800919d   Thumb Code   204  floor.o(i.floor)
    fputc                                    0x08009279   Thumb Code     2  uart.o(i.fputc)
    log                                      0x0800927d   Thumb Code   808  log.o(i.log)
    log10                                    0x080095d9   Thumb Code   198  log10.o(i.log10)
    main                                     0x080096bd   Thumb Code    54  main.o(i.main)
    memcpy1                                  0x080096fd   Thumb Code    24  utilities.o(i.memcpy1)
    oled1                                    0x08009715   Thumb Code    38  main.o(i.oled1)
    pow                                      0x08009755   Thumb Code  2512  pow.o(i.pow)
    round                                    0x0800a12d   Thumb Code   136  round.o(i.round)
    s_connectionreset                        0x0800a1c1   Thumb Code    72  hal_temhum.o(i.s_connectionreset)
    s_measure                                0x0800a20d   Thumb Code   148  hal_temhum.o(i.s_measure)
    s_read_byte                              0x0800a2a5   Thumb Code   160  hal_temhum.o(i.s_read_byte)
    s_softreset                              0x0800a349   Thumb Code    22  hal_temhum.o(i.s_softreset)
    s_transstart                             0x0800a361   Thumb Code   120  hal_temhum.o(i.s_transstart)
    s_write_byte                             0x0800a3dd   Thumb Code   178  hal_temhum.o(i.s_write_byte)
    setTimer2Callback                        0x0800a495   Thumb Code     6  tim-board.o(i.setTimer2Callback)
    setTimer3Callback                        0x0800a4a1   Thumb Code     6  tim-board.o(i.setTimer3Callback)
    sqrt                                     0x0800a4ad   Thumb Code    76  sqrt.o(i.sqrt)
    uart1Call                                0x0800a4f9   Thumb Code    66  main.o(i.uart1Call)
    uartReceiver                             0x0800a545   Thumb Code    52  uart_receiver.o(i.uartReceiver)
    xiafa                                    0x0800a585   Thumb Code   160  main.o(i.xiafa)
    Radio                                    0x0800a660   Data          92  sx1276-board.o(.constdata)
    PLLMulTable                              0x0800a6bc   Data           9  system_stm32l1xx.o(.constdata)
    AHBPrescTable                            0x0800a6c5   Data          16  system_stm32l1xx.o(.constdata)
    APBPrescTable                            0x0800a6d5   Data           8  system_stm32l1xx.o(.constdata)
    RadioRegsInit                            0x0800bc54   Data          48  sx1276.o(.constdata)
    FskBandwidths                            0x0800bc84   Data         176  sx1276.o(.constdata)
    __mathlib_zero                           0x0800bdf8   Data           8  qnan.o(.constdata)
    Region$$Table$$Base                      0x0800be00   Number         0  anon$$obj.o(Region$$Table)
    Region$$Table$$Limit                     0x0800be20   Number         0  anon$$obj.o(Region$$Table)
    temp                                     0x20000000   Data           4  main.o(.data)
    humi                                     0x20000004   Data           4  main.o(.data)
    light                                    0x20000008   Data           4  main.o(.data)
    fan                                      0x2000000c   Data           1  main.o(.data)
    ADC0Value                                0x20000010   Data           2  adc_reader.o(.data)
    ADC2Value                                0x20000012   Data           2  adc_reader.o(.data)
    VoltageValue                             0x20000014   Data           4  adc_reader.o(.data)
    VoltageValue2                            0x20000018   Data           4  adc_reader.o(.data)
    NonScheduledWakeUp                       0x2000002b   Data           1  rtc-board.o(.data)
    McuWakeUpTime                            0x20000030   Data           4  rtc-board.o(.data)
    timer2Callback                           0x2000003c   Data           4  tim-board.o(.data)
    timer3Callback                           0x20000040   Data           4  tim-board.o(.data)
    timer4Callback                           0x20000044   Data           4  tim-board.o(.data)
    RxData                                   0x20000048   Data           1  uart-board.o(.data)
    TxData                                   0x20000049   Data           1  uart-board.o(.data)
    Rx2Data                                  0x2000004a   Data           1  uart-board.o(.data)
    Tx2Data                                  0x2000004b   Data           1  uart-board.o(.data)
    Rx3Data                                  0x2000004c   Data           1  uart-board.o(.data)
    Tx3Data                                  0x2000004d   Data           1  uart-board.o(.data)
    USART1_RX_COUNT                          0x2000004e   Data           2  usart1-board.o(.data)
    F_USART1_RX_FINISH                       0x20000050   Data           1  usart1-board.o(.data)
    F_USART1_RX_RECEIVING                    0x20000051   Data           1  usart1-board.o(.data)
    USART1_RX_TIMEOUT_COUNT                  0x20000052   Data           1  usart1-board.o(.data)
    SystemCoreClock                          0x20000054   Data           4  system_stm32l1xx.o(.data)
    uwTick                                   0x20000058   Data           4  stm32l1xx_hal.o(.data)
    ShtFlag                                  0x2000005c   Data           1  hal_temhum.o(.data)
    DioIrq                                   0x20000064   Data          12  sx1276.o(.data)
    HasLoopedThroughMain                     0x20000074   Data           1  timer.o(.data)
    __stdout                                 0x2000007c   Data           4  uart.o(.data)
    Ra_Txbuf                                 0x200000b4   Data          20  main.o(.bss)
    Ra_Rxbuf                                 0x200000c8   Data          20  main.o(.bss)
    Us1_Txbuf                                0x200000dc   Data         128  main.o(.bss)
    Us1_Rxbuf                                0x2000015c   Data         128  main.o(.bss)
    ADC_0                                    0x200001dc   Data          12  adc_reader.o(.bss)
    ADC_2                                    0x200001e8   Data          12  adc_reader.o(.bss)
    AdcHandle                                0x20000310   Data          84  adc-board.o(.bss)
    Led1                                     0x20000364   Data          12  board.o(.bss)
    Led2                                     0x20000370   Data          12  board.o(.bss)
    Re                                       0x2000037c   Data          12  board.o(.bss)
    Key2                                     0x20000388   Data          12  board.o(.bss)
    Key3                                     0x20000394   Data          12  board.o(.bss)
    Key4                                     0x200003a0   Data          12  board.o(.bss)
    Adc                                      0x200003ac   Data          12  board.o(.bss)
    Uart1                                    0x200003b8   Data          56  board.o(.bss)
    RtcCalendarContext                       0x20000444   Data          20  rtc-board.o(.bss)
    RtcHandle                                0x20000458   Data          32  rtc-board.o(.bss)
    Tim2Handle                               0x20000478   Data          56  tim-board.o(.bss)
    Tim3Handle                               0x200004b0   Data          56  tim-board.o(.bss)
    Tim4Handle                               0x200004e8   Data          56  tim-board.o(.bss)
    UartHandle                               0x20000520   Data          64  uart-board.o(.bss)
    Uart2Handle                              0x20000560   Data          64  uart-board.o(.bss)
    Uart3Handle                              0x200005a0   Data          64  uart-board.o(.bss)
    USART1_RX_BUF                            0x200005e0   Data         255  usart1-board.o(.bss)
    OLED_CS_PIN                              0x200006f4   Data          12  hal_oled.o(.bss)
    OLED_DC_PIN                              0x20000700   Data          12  hal_oled.o(.bss)
    OLED_SCLK_PIN                            0x2000070c   Data          12  hal_oled.o(.bss)
    OLED_SDIN_PIN                            0x20000718   Data          12  hal_oled.o(.bss)
    SX1276                                   0x20000824   Data         272  sx1276.o(.bss)
    TxTimeoutTimer                           0x20000934   Data          20  sx1276.o(.bss)
    RxTimeoutTimer                           0x20000948   Data          20  sx1276.o(.bss)
    RxTimeoutSyncWord                        0x2000095c   Data          20  sx1276.o(.bss)
    IWDG_Handler                             0x20000970   Data          12  iwdg.o(.bss)
    __initial_sp                             0x20000d80   Data           0  startup_stm32l151xb.o(STACK)



==============================================================================

Memory Map of the image

  Image Entry point : 0x080000f5

  Load Region LR_IROM1 (Base: 0x08000000, Size: 0x0000bea4, Max: 0x00010000, ABSOLUTE)

    Execution Region ER_IROM1 (Exec base: 0x08000000, Load base: 0x08000000, Size: 0x0000be20, Max: 0x00010000, ABSOLUTE)

    Exec Addr    Load Addr    Size         Type   Attr      Idx    E Section Name        Object

    0x08000000   0x08000000   0x000000f4   Data   RO         1875    RESET               startup_stm32l151xb.o
    0x080000f4   0x080000f4   0x00000000   Code   RO         6840  * .ARM.Collect$$$$00000000  mc_w.l(entry.o)
    0x080000f4   0x080000f4   0x00000004   Code   RO         7185    .ARM.Collect$$$$00000001  mc_w.l(entry2.o)
    0x080000f8   0x080000f8   0x00000004   Code   RO         7188    .ARM.Collect$$$$00000004  mc_w.l(entry5.o)
    0x080000fc   0x080000fc   0x00000000   Code   RO         7190    .ARM.Collect$$$$00000008  mc_w.l(entry7b.o)
    0x080000fc   0x080000fc   0x00000000   Code   RO         7192    .ARM.Collect$$$$0000000A  mc_w.l(entry8b.o)
    0x080000fc   0x080000fc   0x00000008   Code   RO         7193    .ARM.Collect$$$$0000000B  mc_w.l(entry9a.o)
    0x08000104   0x08000104   0x00000000   Code   RO         7195    .ARM.Collect$$$$0000000D  mc_w.l(entry10a.o)
    0x08000104   0x08000104   0x00000000   Code   RO         7197    .ARM.Collect$$$$0000000F  mc_w.l(entry11a.o)
    0x08000104   0x08000104   0x00000004   Code   RO         7186    .ARM.Collect$$$$00002712  mc_w.l(entry2.o)
    0x08000108   0x08000108   0x00000024   Code   RO         1876    .text               startup_stm32l151xb.o
    0x0800012c   0x0800012c   0x00000024   Code   RO         6843    .text               mc_w.l(memcpya.o)
    0x08000150   0x08000150   0x00000024   Code   RO         6845    .text               mc_w.l(memseta.o)
    0x08000174   0x08000174   0x0000000e   Code   RO         6847    .text               mc_w.l(strlen.o)
    0x08000182   0x08000182   0x000000b0   Code   RO         7112    .text               mf_w.l(fadd.o)
    0x08000232   0x08000232   0x00000064   Code   RO         7114    .text               mf_w.l(fmul.o)
    0x08000296   0x08000296   0x0000007c   Code   RO         7116    .text               mf_w.l(fdiv.o)
    0x08000312   0x08000312   0x0000014e   Code   RO         7118    .text               mf_w.l(dadd.o)
    0x08000460   0x08000460   0x000000e4   Code   RO         7120    .text               mf_w.l(dmul.o)
    0x08000544   0x08000544   0x000000de   Code   RO         7122    .text               mf_w.l(ddiv.o)
    0x08000622   0x08000622   0x0000000a   Code   RO         7124    .text               mf_w.l(ffltui.o)
    0x0800062c   0x0800062c   0x00000022   Code   RO         7126    .text               mf_w.l(dflti.o)
    0x0800064e   0x0800064e   0x0000001a   Code   RO         7128    .text               mf_w.l(dfltui.o)
    0x08000668   0x08000668   0x0000003e   Code   RO         7132    .text               mf_w.l(dfixi.o)
    0x080006a6   0x080006a6   0x00000032   Code   RO         7134    .text               mf_w.l(dfixui.o)
    0x080006d8   0x080006d8   0x00000026   Code   RO         7136    .text               mf_w.l(f2d.o)
    0x080006fe   0x080006fe   0x00000002   PAD
    0x08000700   0x08000700   0x00000030   Code   RO         7138    .text               mf_w.l(cdcmple.o)
    0x08000730   0x08000730   0x00000030   Code   RO         7140    .text               mf_w.l(cdrcmple.o)
    0x08000760   0x08000760   0x00000038   Code   RO         7142    .text               mf_w.l(d2f.o)
    0x08000798   0x08000798   0x00000014   Code   RO         7144    .text               mf_w.l(cfcmple.o)
    0x080007ac   0x080007ac   0x00000014   Code   RO         7146    .text               mf_w.l(cfrcmple.o)
    0x080007c0   0x080007c0   0x0000002c   Code   RO         7199    .text               mc_w.l(uidiv.o)
    0x080007ec   0x080007ec   0x00000062   Code   RO         7201    .text               mc_w.l(uldiv.o)
    0x0800084e   0x0800084e   0x0000001e   Code   RO         7203    .text               mc_w.l(llshl.o)
    0x0800086c   0x0800086c   0x00000020   Code   RO         7205    .text               mc_w.l(llushr.o)
    0x0800088c   0x0800088c   0x00000024   Code   RO         7207    .text               mc_w.l(llsshr.o)
    0x080008b0   0x080008b0   0x00000000   Code   RO         7216    .text               mc_w.l(iusefp.o)
    0x080008b0   0x080008b0   0x0000006e   Code   RO         7217    .text               mf_w.l(fepilogue.o)
    0x0800091e   0x0800091e   0x000000ba   Code   RO         7219    .text               mf_w.l(depilogue.o)
    0x080009d8   0x080009d8   0x0000002e   Code   RO         7221    .text               mf_w.l(dscalb.o)
    0x08000a06   0x08000a06   0x00000002   PAD
    0x08000a08   0x08000a08   0x00000088   Code   RO         7223    .text               mf_w.l(drnd.o)
    0x08000a90   0x08000a90   0x00000030   Code   RO         7225    .text               mf_w.l(dfixul.o)
    0x08000ac0   0x08000ac0   0x00000024   Code   RO         7227    .text               mc_w.l(init.o)
    0x08000ae4   0x08000ae4   0x000000a2   Code   RO         7229    .text               mf_w.l(dsqrt.o)
    0x08000b86   0x08000b86   0x00000002   PAD
    0x08000b88   0x08000b88   0x0000001c   Code   RO          556    i.ADCS_Init         adc_reader.o
    0x08000ba4   0x08000ba4   0x00000052   Code   RO         2055    i.ADC_ConversionStop_Disable  stm32l1xx_hal_adc.o
    0x08000bf6   0x08000bf6   0x00000002   PAD
    0x08000bf8   0x08000bf8   0x00000088   Code   RO         2059    i.ADC_Enable        stm32l1xx_hal_adc.o
    0x08000c80   0x08000c80   0x0000000c   Code   RO         6400    i.AdcDeInit         adc.o
    0x08000c8c   0x08000c8c   0x00000024   Code   RO         6401    i.AdcInit           adc.o
    0x08000cb0   0x08000cb0   0x00000034   Code   RO         1121    i.AdcMcuConfig      adc-board.o
    0x08000ce4   0x08000ce4   0x00000054   Code   RO         1122    i.AdcMcuInit        adc-board.o
    0x08000d38   0x08000d38   0x00000110   Code   RO         1123    i.AdcMcuReadChannel  adc-board.o
    0x08000e48   0x08000e48   0x0000000c   Code   RO          557    i.AdcReadCh0        adc_reader.o
    0x08000e54   0x08000e54   0x00000020   Code   RO         6402    i.AdcReadChannel    adc.o
    0x08000e74   0x08000e74   0x00000090   Code   RO          559    i.AdcScanChannel    adc_reader.o
    0x08000f04   0x08000f04   0x00000018   Code   RO         1392    i.BlockLowPowerDuringTask  rtc-board.o
    0x08000f1c   0x08000f1c   0x00000068   Code   RO         1164    i.BoardDeInitMcu    board.o
    0x08000f84   0x08000f84   0x00000014   Code   RO         1165    i.BoardDisableIrq   board.o
    0x08000f98   0x08000f98   0x00000018   Code   RO         1166    i.BoardEnableIrq    board.o
    0x08000fb0   0x08000fb0   0x00000058   Code   RO         1171    i.BoardInitMcu      board.o
    0x08001008   0x08001008   0x000000d8   Code   RO         1172    i.BoardInitPeriph   board.o
    0x080010e0   0x080010e0   0x00000064   Code   RO         1173    i.BoardUnusedIoInit  board.o
    0x08001144   0x08001144   0x00000004   Code   RO         5422    i.BusFault_Handler  sysirqhandlers.o
    0x08001148   0x08001148   0x0000003c   Code   RO         1174    i.CalibrateSystemWakeupTime  board.o
    0x08001184   0x08001184   0x00000090   Code   RO            4    i.CollectSensorData  main.o
    0x08001214   0x08001214   0x00000002   Code   RO         5423    i.DebugMon_Handler  sysirqhandlers.o
    0x08001216   0x08001216   0x00000014   Code   RO         5810    i.DelayMicroSeconds  hal_temhum.o
    0x0800122a   0x0800122a   0x0000000c   Code   RO         6439    i.DelayMs           delay.o
    0x08001236   0x08001236   0x0000000e   Code   RO         1285    i.EXTI0_IRQHandler  gpio-board.o
    0x08001244   0x08001244   0x00000038   Code   RO         1286    i.EXTI15_10_IRQHandler  gpio-board.o
    0x0800127c   0x0800127c   0x0000000e   Code   RO         1287    i.EXTI1_IRQHandler  gpio-board.o
    0x0800128a   0x0800128a   0x0000000e   Code   RO         1288    i.EXTI2_IRQHandler  gpio-board.o
    0x08001298   0x08001298   0x0000000e   Code   RO         1289    i.EXTI3_IRQHandler  gpio-board.o
    0x080012a6   0x080012a6   0x0000000e   Code   RO         1290    i.EXTI4_IRQHandler  gpio-board.o
    0x080012b4   0x080012b4   0x0000002a   Code   RO         1291    i.EXTI9_5_IRQHandler  gpio-board.o
    0x080012de   0x080012de   0x00000004   Code   RO         1175    i.GetBoardPowerSource  board.o
    0x080012e2   0x080012e2   0x00000002   PAD
    0x080012e4   0x080012e4   0x00000038   Code   RO         6184    i.GetFskBandwidthRegValue  sx1276.o
    0x0800131c   0x0800131c   0x00000024   Code   RO         6515    i.GpioInit          gpio.o
    0x08001340   0x08001340   0x00000168   Code   RO         1292    i.GpioMcuInit       gpio-board.o
    0x080014a8   0x080014a8   0x00000148   Code   RO         1295    i.GpioMcuSetInterrupt  gpio-board.o
    0x080015f0   0x080015f0   0x00000026   Code   RO         1297    i.GpioMcuWrite      gpio-board.o
    0x08001616   0x08001616   0x0000001c   Code   RO         6518    i.GpioSetInterrupt  gpio.o
    0x08001632   0x08001632   0x00000010   Code   RO         6520    i.GpioWrite         gpio.o
    0x08001642   0x08001642   0x00000002   PAD
    0x08001644   0x08001644   0x000001d8   Code   RO         2061    i.HAL_ADC_ConfigChannel  stm32l1xx_hal_adc.o
    0x0800181c   0x0800181c   0x0000012c   Code   RO         2064    i.HAL_ADC_DeInit    stm32l1xx_hal_adc.o
    0x08001948   0x08001948   0x00000008   Code   RO         2068    i.HAL_ADC_GetValue  stm32l1xx_hal_adc.o
    0x08001950   0x08001950   0x000001cc   Code   RO         2070    i.HAL_ADC_Init      stm32l1xx_hal_adc.o
    0x08001b1c   0x08001b1c   0x00000002   Code   RO         2072    i.HAL_ADC_MspDeInit  stm32l1xx_hal_adc.o
    0x08001b1e   0x08001b1e   0x00000002   Code   RO         2073    i.HAL_ADC_MspInit   stm32l1xx_hal_adc.o
    0x08001b20   0x08001b20   0x000000be   Code   RO         2074    i.HAL_ADC_PollForConversion  stm32l1xx_hal_adc.o
    0x08001bde   0x08001bde   0x0000008c   Code   RO         2076    i.HAL_ADC_Start     stm32l1xx_hal_adc.o
    0x08001c6a   0x08001c6a   0x00000002   PAD
    0x08001c6c   0x08001c6c   0x00000014   Code   RO         1923    i.HAL_DBGMCU_EnableDBGSleepMode  stm32l1xx_hal.o
    0x08001c80   0x08001c80   0x00000014   Code   RO         1924    i.HAL_DBGMCU_EnableDBGStandbyMode  stm32l1xx_hal.o
    0x08001c94   0x08001c94   0x00000014   Code   RO         1925    i.HAL_DBGMCU_EnableDBGStopMode  stm32l1xx_hal.o
    0x08001ca8   0x08001ca8   0x0000001a   Code   RO         1927    i.HAL_Delay         stm32l1xx_hal.o
    0x08001cc2   0x08001cc2   0x00000002   PAD
    0x08001cc4   0x08001cc4   0x0000002c   Code   RO         1298    i.HAL_GPIO_EXTI_Callback  gpio-board.o
    0x08001cf0   0x08001cf0   0x0000001c   Code   RO         2841    i.HAL_GPIO_EXTI_IRQHandler  stm32l1xx_hal_gpio.o
    0x08001d0c   0x08001d0c   0x000001d0   Code   RO         2842    i.HAL_GPIO_Init     stm32l1xx_hal_gpio.o
    0x08001edc   0x08001edc   0x00000010   Code   RO         2844    i.HAL_GPIO_ReadPin  stm32l1xx_hal_gpio.o
    0x08001eec   0x08001eec   0x0000000c   Code   RO         2846    i.HAL_GPIO_WritePin  stm32l1xx_hal_gpio.o
    0x08001ef8   0x08001ef8   0x0000000c   Code   RO         1931    i.HAL_GetTick       stm32l1xx_hal.o
    0x08001f04   0x08001f04   0x00000050   Code   RO         3338    i.HAL_IWDG_Init     stm32l1xx_hal_iwdg.o
    0x08001f54   0x08001f54   0x0000000e   Code   RO         3339    i.HAL_IWDG_Refresh  stm32l1xx_hal_iwdg.o
    0x08001f62   0x08001f62   0x00000002   PAD
    0x08001f64   0x08001f64   0x00000010   Code   RO         1932    i.HAL_IncTick       stm32l1xx_hal.o
    0x08001f74   0x08001f74   0x00000016   Code   RO         1933    i.HAL_Init          stm32l1xx_hal.o
    0x08001f8a   0x08001f8a   0x00000002   PAD
    0x08001f8c   0x08001f8c   0x00000028   Code   RO         1934    i.HAL_InitTick      stm32l1xx_hal.o
    0x08001fb4   0x08001fb4   0x00000002   Code   RO         1936    i.HAL_MspInit       stm32l1xx_hal.o
    0x08001fb6   0x08001fb6   0x0000001a   Code   RO         2301    i.HAL_NVIC_EnableIRQ  stm32l1xx_hal_cortex.o
    0x08001fd0   0x08001fd0   0x0000007c   Code   RO         2307    i.HAL_NVIC_SetPriority  stm32l1xx_hal_cortex.o
    0x0800204c   0x0800204c   0x00000028   Code   RO         2308    i.HAL_NVIC_SetPriorityGrouping  stm32l1xx_hal_cortex.o
    0x08002074   0x08002074   0x00000018   Code   RO         3491    i.HAL_PWREx_EnableFastWakeUp  stm32l1xx_hal_pwr_ex.o
    0x0800208c   0x0800208c   0x00000018   Code   RO         3493    i.HAL_PWREx_EnableUltraLowPower  stm32l1xx_hal_pwr_ex.o
    0x080020a4   0x080020a4   0x00000010   Code   RO         3494    i.HAL_PWREx_GetVoltageRange  stm32l1xx_hal_pwr_ex.o
    0x080020b4   0x080020b4   0x00000018   Code   RO         3371    i.HAL_PWR_DisablePVD  stm32l1xx_hal_pwr.o
    0x080020cc   0x080020cc   0x00000040   Code   RO         3382    i.HAL_PWR_EnterSTOPMode  stm32l1xx_hal_pwr.o
    0x0800210c   0x0800210c   0x000001d4   Code   RO         3657    i.HAL_RCCEx_PeriphCLKConfig  stm32l1xx_hal_rcc_ex.o
    0x080022e0   0x080022e0   0x000002e8   Code   RO         3549    i.HAL_RCC_ClockConfig  stm32l1xx_hal_rcc.o
    0x080025c8   0x080025c8   0x0000000c   Code   RO         3554    i.HAL_RCC_GetHCLKFreq  stm32l1xx_hal_rcc.o
    0x080025d4   0x080025d4   0x0000002c   Code   RO         3556    i.HAL_RCC_GetPCLK1Freq  stm32l1xx_hal_rcc.o
    0x08002600   0x08002600   0x0000002c   Code   RO         3557    i.HAL_RCC_GetPCLK2Freq  stm32l1xx_hal_rcc.o
    0x0800262c   0x0800262c   0x000000b4   Code   RO         3558    i.HAL_RCC_GetSysClockFreq  stm32l1xx_hal_rcc.o
    0x080026e0   0x080026e0   0x000009bc   Code   RO         3561    i.HAL_RCC_OscConfig  stm32l1xx_hal_rcc.o
    0x0800309c   0x0800309c   0x00000002   Code   RO         3799    i.HAL_RTCEx_AlarmBEventCallback  stm32l1xx_hal_rtc_ex.o
    0x0800309e   0x0800309e   0x00000098   Code   RO         3807    i.HAL_RTCEx_DeactivateWakeUpTimer  stm32l1xx_hal_rtc_ex.o
    0x08003136   0x08003136   0x00000002   Code   RO         3691    i.HAL_RTC_AlarmAEventCallback  stm32l1xx_hal_rtc.o
    0x08003138   0x08003138   0x0000006c   Code   RO         3692    i.HAL_RTC_AlarmIRQHandler  stm32l1xx_hal_rtc.o
    0x080031a4   0x080031a4   0x000000f4   Code   RO         3694    i.HAL_RTC_DeactivateAlarm  stm32l1xx_hal_rtc.o
    0x08003298   0x08003298   0x00000082   Code   RO         3829    i.HAL_RTC_GetAlarm  stm32l1xx_hal_rtc_ex.o
    0x0800331a   0x0800331a   0x00000002   PAD
    0x0800331c   0x0800331c   0x0000004c   Code   RO         3695    i.HAL_RTC_GetDate   stm32l1xx_hal_rtc.o
    0x08003368   0x08003368   0x00000054   Code   RO         3830    i.HAL_RTC_GetTime   stm32l1xx_hal_rtc_ex.o
    0x080033bc   0x080033bc   0x000000b4   Code   RO         3697    i.HAL_RTC_Init      stm32l1xx_hal_rtc.o
    0x08003470   0x08003470   0x00000002   Code   RO         3699    i.HAL_RTC_MspInit   stm32l1xx_hal_rtc.o
    0x08003472   0x08003472   0x00000002   PAD
    0x08003474   0x08003474   0x00000210   Code   RO         3832    i.HAL_RTC_SetAlarm_IT  stm32l1xx_hal_rtc_ex.o
    0x08003684   0x08003684   0x00000108   Code   RO         3701    i.HAL_RTC_SetDate   stm32l1xx_hal_rtc.o
    0x0800378c   0x0800378c   0x0000012c   Code   RO         3702    i.HAL_RTC_SetTime   stm32l1xx_hal_rtc.o
    0x080038b8   0x080038b8   0x0000003a   Code   RO         3833    i.HAL_RTC_WaitForSynchro  stm32l1xx_hal_rtc_ex.o
    0x080038f2   0x080038f2   0x00000030   Code   RO         4030    i.HAL_SPI_DeInit    stm32l1xx_hal_spi.o
    0x08003922   0x08003922   0x0000007c   Code   RO         4266    i.HAL_SPI_Init      stm32l1xx_hal_spi_ex.o
    0x0800399e   0x0800399e   0x00000002   Code   RO         4036    i.HAL_SPI_MspDeInit  stm32l1xx_hal_spi.o
    0x080039a0   0x080039a0   0x00000002   Code   RO         4037    i.HAL_SPI_MspInit   stm32l1xx_hal_spi.o
    0x080039a2   0x080039a2   0x00000028   Code   RO         2310    i.HAL_SYSTICK_CLKSourceConfig  stm32l1xx_hal_cortex.o
    0x080039ca   0x080039ca   0x00000002   Code   RO         2311    i.HAL_SYSTICK_Callback  stm32l1xx_hal_cortex.o
    0x080039cc   0x080039cc   0x00000034   Code   RO         2312    i.HAL_SYSTICK_Config  stm32l1xx_hal_cortex.o
    0x08003a00   0x08003a00   0x00000008   Code   RO         2313    i.HAL_SYSTICK_IRQHandler  stm32l1xx_hal_cortex.o
    0x08003a08   0x08003a08   0x00000034   Code   RO         4292    i.HAL_TIM_Base_Init  stm32l1xx_hal_tim.o
    0x08003a3c   0x08003a3c   0x000000b4   Code   RO         1658    i.HAL_TIM_Base_MspInit  tim-board.o
    0x08003af0   0x08003af0   0x0000001e   Code   RO         4297    i.HAL_TIM_Base_Start_IT  stm32l1xx_hal_tim.o
    0x08003b0e   0x08003b0e   0x00000002   Code   RO         4321    i.HAL_TIM_IC_CaptureCallback  stm32l1xx_hal_tim.o
    0x08003b10   0x08003b10   0x00000152   Code   RO         4334    i.HAL_TIM_IRQHandler  stm32l1xx_hal_tim.o
    0x08003c62   0x08003c62   0x00000002   Code   RO         4337    i.HAL_TIM_OC_DelayElapsedCallback  stm32l1xx_hal_tim.o
    0x08003c64   0x08003c64   0x00000002   Code   RO         4364    i.HAL_TIM_PWM_PulseFinishedCallback  stm32l1xx_hal_tim.o
    0x08003c66   0x08003c66   0x00000002   PAD
    0x08003c68   0x08003c68   0x0000005c   Code   RO         1659    i.HAL_TIM_PeriodElapsedCallback  tim-board.o
    0x08003cc4   0x08003cc4   0x00000002   Code   RO         4375    i.HAL_TIM_TriggerCallback  stm32l1xx_hal_tim.o
    0x08003cc6   0x08003cc6   0x0000006e   Code   RO         4973    i.HAL_UART_Init     stm32l1xx_hal_uart.o
    0x08003d34   0x08003d34   0x00000002   Code   RO         4975    i.HAL_UART_MspInit  stm32l1xx_hal_uart.o
    0x08003d36   0x08003d36   0x00000086   Code   RO         4978    i.HAL_UART_Receive_IT  stm32l1xx_hal_uart.o
    0x08003dbc   0x08003dbc   0x00000058   Code   RO         5812    i.I2c_Init          hal_temhum.o
    0x08003e14   0x08003e14   0x000000c4   Code   RO         5813    i.I2c_ReadByte      hal_temhum.o
    0x08003ed8   0x08003ed8   0x00000038   Code   RO         5814    i.I2c_SclInOutInit  hal_temhum.o
    0x08003f10   0x08003f10   0x00000048   Code   RO         5815    i.I2c_StartCondition  hal_temhum.o
    0x08003f58   0x08003f58   0x00000048   Code   RO         5816    i.I2c_StopCondition  hal_temhum.o
    0x08003fa0   0x08003fa0   0x00000040   Code   RO         5817    i.I2c_WaitWhileClockStreching  hal_temhum.o
    0x08003fe0   0x08003fe0   0x0000009c   Code   RO         5818    i.I2c_WriteByte     hal_temhum.o
    0x0800407c   0x0800407c   0x00000038   Code   RO         5819    i.I2c_sdaInOutInit  hal_temhum.o
    0x080040b4   0x080040b4   0x00000010   Code   RO         6779    i.IWDG_Feed         iwdg.o
    0x080040c4   0x080040c4   0x00000020   Code   RO         6780    i.IWDG_Init         iwdg.o
    0x080040e4   0x080040e4   0x00000068   Code   RO            5    i.Init              main.o
    0x0800414c   0x0800414c   0x00000028   Code   RO            6    i.Key2Call          main.o
    0x08004174   0x08004174   0x00000028   Code   RO            7    i.Key3Call          main.o
    0x0800419c   0x0800419c   0x00000028   Code   RO            8    i.Key4Call          main.o
    0x080041c4   0x080041c4   0x00000004   Code   RO         5424    i.MemManage_Handler  sysirqhandlers.o
    0x080041c8   0x080041c8   0x00000002   Code   RO         5425    i.NMI_Handler       sysirqhandlers.o
    0x080041ca   0x080041ca   0x00000002   PAD
    0x080041cc   0x080041cc   0x00000040   Code   RO          774    i.NS_RadioEventsInit  ns_radio.o
    0x0800420c   0x0800420c   0x0000002c   Code   RO          775    i.NS_RadioInit      ns_radio.o
    0x08004238   0x08004238   0x00000070   Code   RO          776    i.NS_RadioSetTxRxConfig  ns_radio.o
    0x080042a8   0x080042a8   0x00000010   Code   RO         2314    i.NVIC_GetPriorityGrouping  stm32l1xx_hal_cortex.o
    0x080042b8   0x080042b8   0x00000028   Code   RO         2315    i.NVIC_SetPriority  stm32l1xx_hal_cortex.o
    0x080042e0   0x080042e0   0x00000040   Code   RO         5625    i.OLED_Clear        hal_oled.o
    0x08004320   0x08004320   0x0000000a   Code   RO         5632    i.OLED_Init         hal_oled.o
    0x0800432a   0x0800432a   0x00000002   PAD
    0x0800432c   0x0800432c   0x00000154   Code   RO         5634    i.OLED_Init_Set_Inverse  hal_oled.o
    0x08004480   0x08004480   0x0000002e   Code   RO         5635    i.OLED_Set_Pos      hal_oled.o
    0x080044ae   0x080044ae   0x00000002   PAD
    0x080044b0   0x080044b0   0x00000070   Code   RO         5638    i.OLED_ShowChar     hal_oled.o
    0x08004520   0x08004520   0x00000036   Code   RO         5641    i.OLED_ShowString   hal_oled.o
    0x08004556   0x08004556   0x00000002   PAD
    0x08004558   0x08004558   0x0000007c   Code   RO         5642    i.OLED_WR_Byte      hal_oled.o
    0x080045d4   0x080045d4   0x0000000c   Code   RO         1176    i.OnCalibrateSystemWakeupTimeTimerEvent  board.o
    0x080045e0   0x080045e0   0x0000004c   Code   RO          777    i.OnRxDone          ns_radio.o
    0x0800462c   0x0800462c   0x00000018   Code   RO          778    i.OnRxError         ns_radio.o
    0x08004644   0x08004644   0x00000018   Code   RO          779    i.OnRxTimeout       ns_radio.o
    0x0800465c   0x0800465c   0x00000018   Code   RO          780    i.OnTxDone          ns_radio.o
    0x08004674   0x08004674   0x00000018   Code   RO          781    i.OnTxTimeout       ns_radio.o
    0x0800468c   0x0800468c   0x00000028   Code   RO         1787    i.OnUsart1TimerEvent  usart1-board.o
    0x080046b4   0x080046b4   0x0000008c   Code   RO            9    i.PackSensorData    main.o
    0x08004740   0x08004740   0x000000a8   Code   RO         3562    i.RCC_SetFlashLatencyFromMSIRange  stm32l1xx_hal_rcc.o
    0x080047e8   0x080047e8   0x0000002c   Code   RO         1393    i.RTC_Alarm_IRQHandler  rtc-board.o
    0x08004814   0x08004814   0x00000016   Code   RO         3703    i.RTC_Bcd2ToByte    stm32l1xx_hal_rtc.o
    0x0800482a   0x0800482a   0x0000001a   Code   RO         3704    i.RTC_ByteToBcd2    stm32l1xx_hal_rtc.o
    0x08004844   0x08004844   0x0000003e   Code   RO         3705    i.RTC_EnterInitMode  stm32l1xx_hal_rtc.o
    0x08004882   0x08004882   0x00000002   PAD
    0x08004884   0x08004884   0x0000002c   Code   RO          783    i.ReadRadioRxBuffer  ns_radio.o
    0x080048b0   0x080048b0   0x0000003c   Code   RO         1394    i.RtcCheckCalendarRollOver  rtc-board.o
    0x080048ec   0x080048ec   0x0000025c   Code   RO         1397    i.RtcComputeTimerTimeToAlarmTick  rtc-board.o
    0x08004b48   0x08004b48   0x000000a4   Code   RO         1398    i.RtcComputeWakeUpTime  rtc-board.o
    0x08004bec   0x08004bec   0x00000184   Code   RO         1399    i.RtcConvertCalendarTickToTimerTime  rtc-board.o
    0x08004d70   0x08004d70   0x00000044   Code   RO         1401    i.RtcEnterLowPowerStopMode  rtc-board.o
    0x08004db4   0x08004db4   0x0000004c   Code   RO         1402    i.RtcGetAdjustedTimeoutValue  rtc-board.o
    0x08004e00   0x08004e00   0x00000044   Code   RO         1403    i.RtcGetCalendar    rtc-board.o
    0x08004e44   0x08004e44   0x0000002c   Code   RO         1404    i.RtcGetElapsedAlarmTime  rtc-board.o
    0x08004e70   0x08004e70   0x000000b0   Code   RO         1406    i.RtcInit           rtc-board.o
    0x08004f20   0x08004f20   0x00000048   Code   RO         1407    i.RtcRecoverMcuStatus  rtc-board.o
    0x08004f68   0x08004f68   0x0000000c   Code   RO         1408    i.RtcSetTimeout     rtc-board.o
    0x08004f74   0x08004f74   0x00000098   Code   RO         1409    i.RtcStartWakeUpAlarm  rtc-board.o
    0x0800500c   0x0800500c   0x000000b8   Code   RO         6185    i.RxChainCalibration  sx1276.o
    0x080050c4   0x080050c4   0x00000018   Code   RO         5820    i.SHT1X_Init        hal_temhum.o
    0x080050dc   0x080050dc   0x0000003a   Code   RO         5821    i.SHT3X_CalcCrc     hal_temhum.o
    0x08005116   0x08005116   0x00000002   PAD
    0x08005118   0x08005118   0x00000024   Code   RO         5822    i.SHT3X_CalcHumidity  hal_temhum.o
    0x0800513c   0x0800513c   0x00000034   Code   RO         5825    i.SHT3X_CalcTemperature  hal_temhum.o
    0x08005170   0x08005170   0x00000022   Code   RO         5826    i.SHT3X_CheckCrc    hal_temhum.o
    0x08005192   0x08005192   0x00000044   Code   RO         5831    i.SHT3X_GetTempAndHumi  hal_temhum.o
    0x080051d6   0x080051d6   0x0000008c   Code   RO         5832    i.SHT3X_GetTempAndHumiClkStretch  hal_temhum.o
    0x08005262   0x08005262   0x000000b0   Code   RO         5833    i.SHT3X_GetTempAndHumiPolling  hal_temhum.o
    0x08005312   0x08005312   0x00000002   PAD
    0x08005314   0x08005314   0x00000018   Code   RO         5834    i.SHT3X_HardReset   hal_temhum.o
    0x0800532c   0x0800532c   0x00000028   Code   RO         5835    i.SHT3X_Init        hal_temhum.o
    0x08005354   0x08005354   0x00000058   Code   RO         5836    i.SHT3X_Read2BytesAndCrc  hal_temhum.o
    0x080053ac   0x080053ac   0x0000000c   Code   RO         5842    i.SHT3X_SetI2cAdr   hal_temhum.o
    0x080053b8   0x080053b8   0x00000024   Code   RO         5843    i.SHT3X_SoftReset   hal_temhum.o
    0x080053dc   0x080053dc   0x00000020   Code   RO         5845    i.SHT3X_StartReadAccess  hal_temhum.o
    0x080053fc   0x080053fc   0x0000001c   Code   RO         5846    i.SHT3X_StartWriteAccess  hal_temhum.o
    0x08005418   0x08005418   0x00000008   Code   RO         5847    i.SHT3X_StopAccess  hal_temhum.o
    0x08005420   0x08005420   0x00000018   Code   RO         5850    i.SHT3X_WriteCommand  hal_temhum.o
    0x08005438   0x08005438   0x00000052   Code   RO         5851    i.SHT3x_ReadSerialNumber  hal_temhum.o
    0x0800548a   0x0800548a   0x00000002   PAD
    0x0800548c   0x0800548c   0x0000001c   Code   RO         5852    i.SHTXX_Init        hal_temhum.o
    0x080054a8   0x080054a8   0x00000002   Code   RO         1565    i.SX1276AntSwDeInit  sx1276-board.o
    0x080054aa   0x080054aa   0x00000002   Code   RO         1566    i.SX1276AntSwInit   sx1276-board.o
    0x080054ac   0x080054ac   0x00000006   Code   RO         1567    i.SX1276CheckRfFrequency  sx1276-board.o
    0x080054b2   0x080054b2   0x00000002   PAD
    0x080054b4   0x080054b4   0x00000014   Code   RO         1568    i.SX1276GetPaSelect  sx1276-board.o
    0x080054c8   0x080054c8   0x0000000c   Code   RO         6186    i.SX1276GetStatus   sx1276.o
    0x080054d4   0x080054d4   0x0000029c   Code   RO         6187    i.SX1276GetTimeOnAir  sx1276.o
    0x08005770   0x08005770   0x00000094   Code   RO         6188    i.SX1276Init        sx1276.o
    0x08005804   0x08005804   0x00000044   Code   RO         1569    i.SX1276IoDeInit    sx1276-board.o
    0x08005848   0x08005848   0x00000048   Code   RO         1570    i.SX1276IoInit      sx1276-board.o
    0x08005890   0x08005890   0x00000024   Code   RO         1571    i.SX1276IoIrqInit   sx1276-board.o
    0x080058b4   0x080058b4   0x0000003e   Code   RO         6189    i.SX1276IsChannelFree  sx1276.o
    0x080058f2   0x080058f2   0x00000002   PAD
    0x080058f4   0x080058f4   0x00000388   Code   RO         6190    i.SX1276OnDio0Irq   sx1276.o
    0x08005c7c   0x08005c7c   0x000001a8   Code   RO         6191    i.SX1276OnDio1Irq   sx1276.o
    0x08005e24   0x08005e24   0x0000010c   Code   RO         6192    i.SX1276OnTimeoutIrq  sx1276.o
    0x08005f30   0x08005f30   0x00000040   Code   RO         6193    i.SX1276Random      sx1276.o
    0x08005f70   0x08005f70   0x00000014   Code   RO         6194    i.SX1276Read        sx1276.o
    0x08005f84   0x08005f84   0x00000048   Code   RO         6195    i.SX1276ReadBuffer  sx1276.o
    0x08005fcc   0x08005fcc   0x00000012   Code   RO         6196    i.SX1276ReadFifo    sx1276.o
    0x08005fde   0x08005fde   0x00000002   PAD
    0x08005fe0   0x08005fe0   0x00000054   Code   RO         6197    i.SX1276ReadRssi    sx1276.o
    0x08006034   0x08006034   0x0000003c   Code   RO         6198    i.SX1276Reset       sx1276.o
    0x08006070   0x08006070   0x00000134   Code   RO         6199    i.SX1276Send        sx1276.o
    0x080061a4   0x080061a4   0x00000020   Code   RO         1572    i.SX1276SetAntSw    sx1276-board.o
    0x080061c4   0x080061c4   0x00000020   Code   RO         1573    i.SX1276SetAntSwLowPower  sx1276-board.o
    0x080061e4   0x080061e4   0x0000004c   Code   RO         6200    i.SX1276SetChannel  sx1276.o
    0x08006230   0x08006230   0x00000038   Code   RO         6201    i.SX1276SetMaxPayloadLength  sx1276.o
    0x08006268   0x08006268   0x000000a0   Code   RO         6202    i.SX1276SetModem    sx1276.o
    0x08006308   0x08006308   0x00000032   Code   RO         6203    i.SX1276SetOpMode   sx1276.o
    0x0800633a   0x0800633a   0x00000002   PAD
    0x0800633c   0x0800633c   0x0000002c   Code   RO         6204    i.SX1276SetPublicNetwork  sx1276.o
    0x08006368   0x08006368   0x000000c0   Code   RO         1574    i.SX1276SetRfTxPower  sx1276-board.o
    0x08006428   0x08006428   0x00000314   Code   RO         6205    i.SX1276SetRx       sx1276.o
    0x0800673c   0x0800673c   0x00000328   Code   RO         6206    i.SX1276SetRxConfig  sx1276.o
    0x08006a64   0x08006a64   0x0000002c   Code   RO         6207    i.SX1276SetSleep    sx1276.o
    0x08006a90   0x08006a90   0x0000002c   Code   RO         6208    i.SX1276SetStby     sx1276.o
    0x08006abc   0x08006abc   0x000000c0   Code   RO         6209    i.SX1276SetTx       sx1276.o
    0x08006b7c   0x08006b7c   0x0000026c   Code   RO         6210    i.SX1276SetTxConfig  sx1276.o
    0x08006de8   0x08006de8   0x000000a0   Code   RO         6211    i.SX1276SetTxContinuousWave  sx1276.o
    0x08006e88   0x08006e88   0x00000048   Code   RO         6212    i.SX1276StartCad    sx1276.o
    0x08006ed0   0x08006ed0   0x00000010   Code   RO         6213    i.SX1276Write       sx1276.o
    0x08006ee0   0x08006ee0   0x00000044   Code   RO         6214    i.SX1276WriteBuffer  sx1276.o
    0x08006f24   0x08006f24   0x00000012   Code   RO         6215    i.SX1276WriteFifo   sx1276.o
    0x08006f36   0x08006f36   0x00000002   PAD
    0x08006f38   0x08006f38   0x00000038   Code   RO         5853    i.Serial_DataInOutInit  hal_temhum.o
    0x08006f70   0x08006f70   0x0000001e   Code   RO         5854    i.Serial_DelayUS    hal_temhum.o
    0x08006f8e   0x08006f8e   0x00000002   PAD
    0x08006f90   0x08006f90   0x00000058   Code   RO         5855    i.Serial_Init       hal_temhum.o
    0x08006fe8   0x08006fe8   0x000000c8   Code   RO           10    i.ShowSensorData    main.o
    0x080070b0   0x080070b0   0x00000066   Code   RO         1517    i.SpiDeInit         spi-board.o
    0x08007116   0x08007116   0x00000034   Code   RO         1518    i.SpiFormat         spi-board.o
    0x0800714a   0x0800714a   0x00000002   PAD
    0x0800714c   0x0800714c   0x00000050   Code   RO         1519    i.SpiFrequency      spi-board.o
    0x0800719c   0x0800719c   0x00000050   Code   RO         1520    i.SpiInOut          spi-board.o
    0x080071ec   0x080071ec   0x000001c4   Code   RO         1521    i.SpiInit           spi-board.o
    0x080073b0   0x080073b0   0x0000000c   Code   RO         1177    i.SysTick_Handler   board.o
    0x080073bc   0x080073bc   0x000000b8   Code   RO         1178    i.SystemClockConfig  board.o
    0x08007474   0x08007474   0x00000108   Code   RO         1179    i.SystemClockReConfig  board.o
    0x0800757c   0x0800757c   0x00000064   Code   RO         1884    i.SystemInit        system_stm32l1xx.o
    0x080075e0   0x080075e0   0x00000010   Code   RO         1660    i.TIM2_IRQHandler   tim-board.o
    0x080075f0   0x080075f0   0x00000010   Code   RO         1661    i.TIM3_IRQHandler   tim-board.o
    0x08007600   0x08007600   0x00000010   Code   RO         1662    i.TIM4_IRQHandler   tim-board.o
    0x08007610   0x08007610   0x00000070   Code   RO         4376    i.TIM_Base_SetConfig  stm32l1xx_hal_tim.o
    0x08007680   0x08007680   0x00000080   Code   RO         1663    i.Tim2McuInit       tim-board.o
    0x08007700   0x08007700   0x00000084   Code   RO         1664    i.Tim3McuInit       tim-board.o
    0x08007784   0x08007784   0x00000014   Code   RO          324    i.Time2Handler      timer_handles.o
    0x08007798   0x08007798   0x00000008   Code   RO          325    i.Time3Handler      timer_handles.o
    0x080077a0   0x080077a0   0x00000020   Code   RO         6569    i.TimerExists       timer.o
    0x080077c0   0x080077c0   0x00000008   Code   RO         6573    i.TimerGetValue     timer.o
    0x080077c8   0x080077c8   0x0000000e   Code   RO         6574    i.TimerInit         timer.o
    0x080077d6   0x080077d6   0x00000002   PAD
    0x080077d8   0x080077d8   0x0000002c   Code   RO         6575    i.TimerInsertNewHeadTimer  timer.o
    0x08007804   0x08007804   0x0000006c   Code   RO         6576    i.TimerInsertTimer  timer.o
    0x08007870   0x08007870   0x0000008c   Code   RO         6577    i.TimerIrqHandler   timer.o
    0x080078fc   0x080078fc   0x00000044   Code   RO         6578    i.TimerLowPowerHandler  timer.o
    0x08007940   0x08007940   0x00000020   Code   RO         6580    i.TimerSetTimeout   timer.o
    0x08007960   0x08007960   0x00000012   Code   RO         6581    i.TimerSetValue     timer.o
    0x08007972   0x08007972   0x00000002   PAD
    0x08007974   0x08007974   0x00000088   Code   RO         6582    i.TimerStart        timer.o
    0x080079fc   0x080079fc   0x000000ec   Code   RO         6583    i.TimerStop         timer.o
    0x08007ae8   0x08007ae8   0x00000358   Code   RO         4993    i.UART_SetConfig    stm32l1xx_hal_uart.o
    0x08007e40   0x08007e40   0x00000018   Code   RO         1788    i.USART1_GetFlagStatus  usart1-board.o
    0x08007e58   0x08007e58   0x00000054   Code   RO         1789    i.USART1_IRQHandler  usart1-board.o
    0x08007eac   0x08007eac   0x00000044   Code   RO         1790    i.USART1_Init       usart1-board.o
    0x08007ef0   0x08007ef0   0x0000002c   Code   RO         1792    i.USART1_ReadRxBuffer  usart1-board.o
    0x08007f1c   0x08007f1c   0x00000024   Code   RO         1793    i.USART1_ReceiveClr  usart1-board.o
    0x08007f40   0x08007f40   0x00000010   Code   RO         1794    i.USART1_ReceiveData  usart1-board.o
    0x08007f50   0x08007f50   0x00000010   Code   RO         1795    i.USART1_SendData   usart1-board.o
    0x08007f60   0x08007f60   0x00000034   Code   RO         1796    i.USART1_SendStr    usart1-board.o
    0x08007f94   0x08007f94   0x00000034   Code   RO         6676    i.UartConfig        uart.o
    0x08007fc8   0x08007fc8   0x00000028   Code   RO         6678    i.UartInit          uart.o
    0x08007ff0   0x08007ff0   0x00000388   Code   RO         1746    i.UartMcuConfig     uart-board.o
    0x08008378   0x08008378   0x00000154   Code   RO         1748    i.UartMcuInit       uart-board.o
    0x080084cc   0x080084cc   0x00000004   Code   RO         5426    i.UsageFault_Handler  sysirqhandlers.o
    0x080084d0   0x080084d0   0x00000020   Code   RO         7084    i.__0printf         mc_w.l(printfa.o)
    0x080084f0   0x080084f0   0x00000028   Code   RO         7086    i.__0sprintf        mc_w.l(printfa.o)
    0x08008518   0x08008518   0x00000028   Code   RO         7162    i.__ARM_fpclassify  m_ws.l(fpclassify.o)
    0x08008540   0x08008540   0x000000aa   Code   RO         7174    i.__kernel_poly     m_ws.l(poly.o)
    0x080085ea   0x080085ea   0x00000002   PAD
    0x080085ec   0x080085ec   0x00000010   Code   RO         7148    i.__mathlib_dbl_divzero  m_ws.l(dunder.o)
    0x080085fc   0x080085fc   0x00000006   Code   RO         7149    i.__mathlib_dbl_infnan  m_ws.l(dunder.o)
    0x08008602   0x08008602   0x00000004   Code   RO         7150    i.__mathlib_dbl_infnan2  m_ws.l(dunder.o)
    0x08008606   0x08008606   0x0000000c   Code   RO         7151    i.__mathlib_dbl_invalid  m_ws.l(dunder.o)
    0x08008612   0x08008612   0x0000000e   Code   RO         7152    i.__mathlib_dbl_overflow  m_ws.l(dunder.o)
    0x08008620   0x08008620   0x00000010   Code   RO         7154    i.__mathlib_dbl_underflow  m_ws.l(dunder.o)
    0x08008630   0x08008630   0x0000000e   Code   RO         7233    i.__scatterload_copy  mc_w.l(handlers.o)
    0x0800863e   0x0800863e   0x00000002   Code   RO         7234    i.__scatterload_null  mc_w.l(handlers.o)
    0x08008640   0x08008640   0x0000000e   Code   RO         7235    i.__scatterload_zeroinit  mc_w.l(handlers.o)
    0x0800864e   0x0800864e   0x00000002   PAD
    0x08008650   0x08008650   0x0000000c   Code   RO         7211    i.__set_errno       mc_w.l(errno.o)
    0x0800865c   0x0800865c   0x00000184   Code   RO         7091    i._fp_digits        mc_w.l(printfa.o)
    0x080087e0   0x080087e0   0x000006dc   Code   RO         7092    i._printf_core      mc_w.l(printfa.o)
    0x08008ebc   0x08008ebc   0x00000024   Code   RO         7093    i._printf_post_padding  mc_w.l(printfa.o)
    0x08008ee0   0x08008ee0   0x0000002e   Code   RO         7094    i._printf_pre_padding  mc_w.l(printfa.o)
    0x08008f0e   0x08008f0e   0x0000000a   Code   RO         7096    i._sputc            mc_w.l(printfa.o)
    0x08008f18   0x08008f18   0x00000108   Code   RO         5857    i.calc_sth11        hal_temhum.o
    0x08009020   0x08009020   0x00000048   Code   RO         5858    i.call_sht11        hal_temhum.o
    0x08009068   0x08009068   0x00000056   Code   RO         5859    i.call_sht1x        hal_temhum.o
    0x080090be   0x080090be   0x00000002   PAD
    0x080090c0   0x080090c0   0x000000dc   Code   RO         6813    i.ceil              m_ws.l(ceil.o)
    0x0800919c   0x0800919c   0x000000dc   Code   RO         6817    i.floor             m_ws.l(floor.o)
    0x08009278   0x08009278   0x00000002   Code   RO         6680    i.fputc             uart.o
    0x0800927a   0x0800927a   0x00000002   PAD
    0x0800927c   0x0800927c   0x0000035c   Code   RO         7165    i.log               m_ws.l(log.o)
    0x080095d8   0x080095d8   0x000000e4   Code   RO         6821    i.log10             m_ws.l(log10.o)
    0x080096bc   0x080096bc   0x00000040   Code   RO           11    i.main              main.o
    0x080096fc   0x080096fc   0x00000018   Code   RO         5471    i.memcpy1           utilities.o
    0x08009714   0x08009714   0x00000040   Code   RO           12    i.oled1             main.o
    0x08009754   0x08009754   0x000009d8   Code   RO         6829    i.pow               m_ws.l(pow.o)
    0x0800a12c   0x0800a12c   0x00000094   Code   RO         6838    i.round             m_ws.l(round.o)
    0x0800a1c0   0x0800a1c0   0x0000004c   Code   RO         5862    i.s_connectionreset  hal_temhum.o
    0x0800a20c   0x0800a20c   0x00000098   Code   RO         5863    i.s_measure         hal_temhum.o
    0x0800a2a4   0x0800a2a4   0x000000a4   Code   RO         5864    i.s_read_byte       hal_temhum.o
    0x0800a348   0x0800a348   0x00000016   Code   RO         5866    i.s_softreset       hal_temhum.o
    0x0800a35e   0x0800a35e   0x00000002   PAD
    0x0800a360   0x0800a360   0x0000007c   Code   RO         5867    i.s_transstart      hal_temhum.o
    0x0800a3dc   0x0800a3dc   0x000000b8   Code   RO         5868    i.s_write_byte      hal_temhum.o
    0x0800a494   0x0800a494   0x0000000c   Code   RO         1666    i.setTimer2Callback  tim-board.o
    0x0800a4a0   0x0800a4a0   0x0000000c   Code   RO         1667    i.setTimer3Callback  tim-board.o
    0x0800a4ac   0x0800a4ac   0x0000004c   Code   RO         7178    i.sqrt              m_ws.l(sqrt.o)
    0x0800a4f8   0x0800a4f8   0x0000004c   Code   RO           13    i.uart1Call         main.o
    0x0800a544   0x0800a544   0x00000040   Code   RO          918    i.uartReceiver      uart_receiver.o
    0x0800a584   0x0800a584   0x000000c4   Code   RO           14    i.xiafa             main.o
    0x0800a648   0x0800a648   0x00000018   Data   RO         1411    .constdata          rtc-board.o
    0x0800a660   0x0800a660   0x0000005c   Data   RO         1576    .constdata          sx1276-board.o
    0x0800a6bc   0x0800a6bc   0x00000021   Data   RO         1885    .constdata          system_stm32l1xx.o
    0x0800a6dd   0x0800a6dd   0x00001574   Data   RO         5645    .constdata          hal_oled.o
    0x0800bc51   0x0800bc51   0x00000003   PAD
    0x0800bc54   0x0800bc54   0x000000e0   Data   RO         6217    .constdata          sx1276.o
    0x0800bd34   0x0800bd34   0x00000004   PAD
    0x0800bd38   0x0800bd38   0x00000088   Data   RO         6830    .constdata          m_ws.l(pow.o)
    0x0800bdc0   0x0800bdc0   0x00000038   Data   RO         7166    .constdata          m_ws.l(log.o)
    0x0800bdf8   0x0800bdf8   0x00000008   Data   RO         7176    .constdata          m_ws.l(qnan.o)
    0x0800be00   0x0800be00   0x00000020   Data   RO         7231    Region$$Table       anon$$obj.o


    Execution Region RW_IRAM1 (Exec base: 0x20000000, Load base: 0x0800be20, Size: 0x00000d80, Max: 0x00002800, ABSOLUTE)

    Exec Addr    Load Addr    Size         Type   Attr      Idx    E Section Name        Object

    0x20000000   0x0800be20   0x0000000d   Data   RW           16    .data               main.o
    0x2000000d   0x0800be2d   0x00000003   PAD
    0x20000010   0x0800be30   0x0000000c   Data   RW          561    .data               adc_reader.o
    0x2000001c   0x0800be3c   0x00000004   Data   RW          785    .data               ns_radio.o
    0x20000020   0x0800be40   0x00000006   Data   RW         1181    .data               board.o
    0x20000026   0x0800be46   0x00000002   PAD
    0x20000028   0x0800be48   0x00000010   Data   RW         1412    .data               rtc-board.o
    0x20000038   0x0800be58   0x00000001   Data   RW         1577    .data               sx1276-board.o
    0x20000039   0x0800be59   0x00000003   PAD
    0x2000003c   0x0800be5c   0x0000000c   Data   RW         1670    .data               tim-board.o
    0x20000048   0x0800be68   0x00000006   Data   RW         1750    .data               uart-board.o
    0x2000004e   0x0800be6e   0x00000005   Data   RW         1798    .data               usart1-board.o
    0x20000053   0x0800be73   0x00000001   PAD
    0x20000054   0x0800be74   0x00000004   Data   RW         1886    .data               system_stm32l1xx.o
    0x20000058   0x0800be78   0x00000004   Data   RW         1939    .data               stm32l1xx_hal.o
    0x2000005c   0x0800be7c   0x00000002   Data   RW         5870    .data               hal_temhum.o
    0x2000005e   0x0800be7e   0x00000002   PAD
    0x20000060   0x0800be80   0x00000010   Data   RW         6218    .data               sx1276.o
    0x20000070   0x0800be90   0x00000001   Data   RW         6403    .data               adc.o
    0x20000071   0x0800be91   0x00000003   PAD
    0x20000074   0x0800be94   0x00000008   Data   RW         6584    .data               timer.o
    0x2000007c   0x0800be9c   0x00000004   Data   RW         6681    .data               uart.o
    0x20000080   0x0800bea0   0x00000004   Data   RW         7212    .data               mc_w.l(errno.o)
    0x20000084        -       0x00000158   Zero   RW           15    .bss                main.o
    0x200001dc        -       0x00000018   Zero   RW          560    .bss                adc_reader.o
    0x200001f4        -       0x0000011b   Zero   RW          784    .bss                ns_radio.o
    0x2000030f   0x0800bea4   0x00000001   PAD
    0x20000310        -       0x00000054   Zero   RW         1124    .bss                adc-board.o
    0x20000364        -       0x000000a0   Zero   RW         1180    .bss                board.o
    0x20000404        -       0x00000040   Zero   RW         1299    .bss                gpio-board.o
    0x20000444        -       0x00000034   Zero   RW         1410    .bss                rtc-board.o
    0x20000478        -       0x000000a8   Zero   RW         1669    .bss                tim-board.o
    0x20000520        -       0x000000c0   Zero   RW         1749    .bss                uart-board.o
    0x200005e0        -       0x00000114   Zero   RW         1797    .bss                usart1-board.o
    0x200006f4        -       0x00000030   Zero   RW         5644    .bss                hal_oled.o
    0x20000724        -       0x0000024c   Zero   RW         6216    .bss                sx1276.o
    0x20000970        -       0x0000000c   Zero   RW         6781    .bss                iwdg.o
    0x2000097c   0x0800bea4   0x00000004   PAD
    0x20000980        -       0x00000400   Zero   RW         1873    STACK               startup_stm32l151xb.o


==============================================================================

Image component sizes


      Code (inc. data)   RO Data    RW Data    ZI Data      Debug   Object Name

       408         30          0          0         84       2460   adc-board.o
        80         12          0          1          0       2099   adc.o
       184         46          0         12         24       1835   adc_reader.o
      1088        102          0          6        160       7165   board.o
         0          0          0          0          0     399712   configs.o
        12          0          0          0          0        478   delay.o
       938         52          0          0         64       7383   gpio-board.o
        80          0          0          0          0       2206   gpio.o
       750         40       5492          0         48       5639   hal_oled.o
      3088        186          0          2          0      30669   hal_temhum.o
        48         14          0          0         12       1195   iwdg.o
      1108        248          0         13        344      12505   main.o
       436         86          0          4        283      84994   ns_radio.o
      1952        194         24         16         52      10398   rtc-board.o
       766         24          0          0          0       3892   spi-board.o
        36          8        244          0       1024        844   startup_stm32l151xb.o
       178         32          0          4          0       5798   stm32l1xx_hal.o
      1792         58          0          0          0       8119   stm32l1xx_hal_adc.o
       348         22          0          0          0      29597   stm32l1xx_hal_cortex.o
       520         38          0          0          0       3598   stm32l1xx_hal_gpio.o
        94          0          0          0          0       1739   stm32l1xx_hal_iwdg.o
        88         14          0          0          0       1137   stm32l1xx_hal_pwr.o
        64         14          0          0          0       1633   stm32l1xx_hal_pwr_ex.o
      3684        100          0          0          0       7056   stm32l1xx_hal_rcc.o
       468         14          0          0          0       1468   stm32l1xx_hal_rcc_ex.o
      1286         24          0          0          0       8299   stm32l1xx_hal_rtc.o
       954         10          0          0          0       5246   stm32l1xx_hal_rtc_ex.o
        52          0          0          0          0       2175   stm32l1xx_hal_spi.o
       124          0          0          0          0       1087   stm32l1xx_hal_spi_ex.o
       540         22          0          0          0       5450   stm32l1xx_hal_tim.o
      1102          6          0          0          0       3165   stm32l1xx_hal_uart.o
       462         26         92          1          0       9320   sx1276-board.o
      6568        352        224         16        588      22796   sx1276.o
        16          0          0          0          0       2253   sysirqhandlers.o
       100         18         33          4          0       1287   system_stm32l1xx.o
       604        182          0         12        168       5757   tim-board.o
       836         44          0          8          0       7117   timer.o
        28          0          0          0          0      70906   timer_handles.o
      1244         40          0          6        192       3273   uart-board.o
        94          0          0          4          0       3782   uart.o
        64         12          0          0          0        499   uart_receiver.o
       380         84          0          5        276       5696   usart1-board.o
        24          0          0          0          0       1018   utilities.o

    ----------------------------------------------------------------------
     32748       2154       6148        128       3324     792745   Object Totals
         0          0         32          0          0          0   (incl. Generated)
        60          0          7         14          5          0   (incl. Padding)

    ----------------------------------------------------------------------

      Code (inc. data)   RO Data    RW Data    ZI Data      Debug   Library Member Name

       220         16          0          0          0         84   ceil.o
        68         10          0          0          0        408   dunder.o
       220         16          0          0          0         84   floor.o
        40          0          0          0          0         68   fpclassify.o
       860         52         56          0          0        256   log.o
       228         30          0          0          0        120   log10.o
       170          0          0          0          0         96   poly.o
      2520        190        136          0          0        324   pow.o
         0          0          8          0          0          0   qnan.o
       148         12          0          0          0         88   round.o
        76          0          0          0          0         84   sqrt.o
         0          0          0          0          0          0   entry.o
         0          0          0          0          0          0   entry10a.o
         0          0          0          0          0          0   entry11a.o
         8          4          0          0          0          0   entry2.o
         4          0          0          0          0          0   entry5.o
         0          0          0          0          0          0   entry7b.o
         0          0          0          0          0          0   entry8b.o
         8          4          0          0          0          0   entry9a.o
        12          6          0          4          0         68   errno.o
        30          0          0          0          0          0   handlers.o
        36          8          0          0          0         68   init.o
         0          0          0          0          0          0   iusefp.o
        30          0          0          0          0         68   llshl.o
        36          0          0          0          0         68   llsshr.o
        32          0          0          0          0         68   llushr.o
        36          0          0          0          0         68   memcpya.o
        36          0          0          0          0        108   memseta.o
      2308         96          0          0          0        604   printfa.o
        14          0          0          0          0         68   strlen.o
        44          0          0          0          0         80   uidiv.o
        98          0          0          0          0         92   uldiv.o
        48          0          0          0          0         68   cdcmple.o
        48          0          0          0          0         68   cdrcmple.o
        20          0          0          0          0         68   cfcmple.o
        20          0          0          0          0         68   cfrcmple.o
        56          0          0          0          0         88   d2f.o
       334          0          0          0          0        148   dadd.o
       222          0          0          0          0        100   ddiv.o
       186          0          0          0          0        176   depilogue.o
        62          0          0          0          0         80   dfixi.o
        50          0          0          0          0         76   dfixui.o
        48          0          0          0          0         68   dfixul.o
        34          0          0          0          0         76   dflti.o
        26          0          0          0          0         76   dfltui.o
       228          0          0          0          0         96   dmul.o
       136          4          0          0          0         92   drnd.o
        46          0          0          0          0         80   dscalb.o
       162          0          0          0          0        100   dsqrt.o
        38          0          0          0          0         68   f2d.o
       176          0          0          0          0        140   fadd.o
       124          0          0          0          0         88   fdiv.o
       110          0          0          0          0        168   fepilogue.o
        10          0          0          0          0         68   ffltui.o
       100          0          0          0          0         76   fmul.o

    ----------------------------------------------------------------------
      9576        448        200          4          0       5108   Library Totals
        10          0          0          0          0          0   (incl. Padding)

    ----------------------------------------------------------------------

      Code (inc. data)   RO Data    RW Data    ZI Data      Debug   Library Name

      4550        326        200          0          0       1612   m_ws.l
      2732        118          0          4          0       1360   mc_w.l
      2284          4          0          0          0       2136   mf_w.l

    ----------------------------------------------------------------------
      9576        448        200          4          0       5108   Library Totals

    ----------------------------------------------------------------------

==============================================================================


      Code (inc. data)   RO Data    RW Data    ZI Data      Debug   

     42324       2602       6348        132       3324     780429   Grand Totals
     42324       2602       6348        132       3324     780429   ELF Image Totals
     42324       2602       6348        132          0          0   ROM Totals

==============================================================================

    Total RO  Size (Code + RO Data)                48672 (  47.53kB)
    Total RW  Size (RW Data + ZI Data)              3456 (   3.38kB)
    Total ROM Size (Code + RO Data + RW Data)      48804 (  47.66kB)

==============================================================================

